Archive member included to satisfy reference by file (symbol)

d:/programmi/stm32cubeide_1.3.0/stm32cubeide/plugins/com.st.stm32cube.ide.mcu.externaltools.gnu-tools-for-stm32.7-2018-q2-update.win32_1.0.0.201904181610/tools/bin/../lib/gcc/arm-none-eabi/7.3.1/../../../../arm-none-eabi/lib/thumb/v7e-m/fpv4-sp/hard\libc_nano.a(lib_a-atoi.o)
                              Core/Src/configuration.o (atoi)
d:/programmi/stm32cubeide_1.3.0/stm32cubeide/plugins/com.st.stm32cube.ide.mcu.externaltools.gnu-tools-for-stm32.7-2018-q2-update.win32_1.0.0.201904181610/tools/bin/../lib/gcc/arm-none-eabi/7.3.1/../../../../arm-none-eabi/lib/thumb/v7e-m/fpv4-sp/hard\libc_nano.a(lib_a-errno.o)
                              Core/Src/syscalls.o (__errno)
d:/programmi/stm32cubeide_1.3.0/stm32cubeide/plugins/com.st.stm32cube.ide.mcu.externaltools.gnu-tools-for-stm32.7-2018-q2-update.win32_1.0.0.201904181610/tools/bin/../lib/gcc/arm-none-eabi/7.3.1/../../../../arm-none-eabi/lib/thumb/v7e-m/fpv4-sp/hard\libc_nano.a(lib_a-exit.o)
                              d:/programmi/stm32cubeide_1.3.0/stm32cubeide/plugins/com.st.stm32cube.ide.mcu.externaltools.gnu-tools-for-stm32.7-2018-q2-update.win32_1.0.0.201904181610/tools/bin/../lib/gcc/arm-none-eabi/7.3.1/../../../../arm-none-eabi/lib/thumb/v7e-m/fpv4-sp/hard/crt0.o (exit)
d:/programmi/stm32cubeide_1.3.0/stm32cubeide/plugins/com.st.stm32cube.ide.mcu.externaltools.gnu-tools-for-stm32.7-2018-q2-update.win32_1.0.0.201904181610/tools/bin/../lib/gcc/arm-none-eabi/7.3.1/../../../../arm-none-eabi/lib/thumb/v7e-m/fpv4-sp/hard\libc_nano.a(lib_a-impure.o)
                              d:/programmi/stm32cubeide_1.3.0/stm32cubeide/plugins/com.st.stm32cube.ide.mcu.externaltools.gnu-tools-for-stm32.7-2018-q2-update.win32_1.0.0.201904181610/tools/bin/../lib/gcc/arm-none-eabi/7.3.1/../../../../arm-none-eabi/lib/thumb/v7e-m/fpv4-sp/hard\libc_nano.a(lib_a-exit.o) (_global_impure_ptr)
d:/programmi/stm32cubeide_1.3.0/stm32cubeide/plugins/com.st.stm32cube.ide.mcu.externaltools.gnu-tools-for-stm32.7-2018-q2-update.win32_1.0.0.201904181610/tools/bin/../lib/gcc/arm-none-eabi/7.3.1/../../../../arm-none-eabi/lib/thumb/v7e-m/fpv4-sp/hard\libc_nano.a(lib_a-init.o)
                              d:/programmi/stm32cubeide_1.3.0/stm32cubeide/plugins/com.st.stm32cube.ide.mcu.externaltools.gnu-tools-for-stm32.7-2018-q2-update.win32_1.0.0.201904181610/tools/bin/../lib/gcc/arm-none-eabi/7.3.1/../../../../arm-none-eabi/lib/thumb/v7e-m/fpv4-sp/hard/crt0.o (__libc_init_array)
d:/programmi/stm32cubeide_1.3.0/stm32cubeide/plugins/com.st.stm32cube.ide.mcu.externaltools.gnu-tools-for-stm32.7-2018-q2-update.win32_1.0.0.201904181610/tools/bin/../lib/gcc/arm-none-eabi/7.3.1/../../../../arm-none-eabi/lib/thumb/v7e-m/fpv4-sp/hard\libc_nano.a(lib_a-itoa.o)
                              Core/Src/mqtt_log.o (itoa)
d:/programmi/stm32cubeide_1.3.0/stm32cubeide/plugins/com.st.stm32cube.ide.mcu.externaltools.gnu-tools-for-stm32.7-2018-q2-update.win32_1.0.0.201904181610/tools/bin/../lib/gcc/arm-none-eabi/7.3.1/../../../../arm-none-eabi/lib/thumb/v7e-m/fpv4-sp/hard\libc_nano.a(lib_a-memset.o)
                              d:/programmi/stm32cubeide_1.3.0/stm32cubeide/plugins/com.st.stm32cube.ide.mcu.externaltools.gnu-tools-for-stm32.7-2018-q2-update.win32_1.0.0.201904181610/tools/bin/../lib/gcc/arm-none-eabi/7.3.1/../../../../arm-none-eabi/lib/thumb/v7e-m/fpv4-sp/hard/crt0.o (memset)
d:/programmi/stm32cubeide_1.3.0/stm32cubeide/plugins/com.st.stm32cube.ide.mcu.externaltools.gnu-tools-for-stm32.7-2018-q2-update.win32_1.0.0.201904181610/tools/bin/../lib/gcc/arm-none-eabi/7.3.1/../../../../arm-none-eabi/lib/thumb/v7e-m/fpv4-sp/hard\libc_nano.a(lib_a-sprintf.o)
                              Core/Src/lcd.o (sprintf)
d:/programmi/stm32cubeide_1.3.0/stm32cubeide/plugins/com.st.stm32cube.ide.mcu.externaltools.gnu-tools-for-stm32.7-2018-q2-update.win32_1.0.0.201904181610/tools/bin/../lib/gcc/arm-none-eabi/7.3.1/../../../../arm-none-eabi/lib/thumb/v7e-m/fpv4-sp/hard\libc_nano.a(lib_a-strcat.o)
                              Core/Src/mqtt_log.o (strcat)
d:/programmi/stm32cubeide_1.3.0/stm32cubeide/plugins/com.st.stm32cube.ide.mcu.externaltools.gnu-tools-for-stm32.7-2018-q2-update.win32_1.0.0.201904181610/tools/bin/../lib/gcc/arm-none-eabi/7.3.1/../../../../arm-none-eabi/lib/thumb/v7e-m/fpv4-sp/hard\libc_nano.a(lib_a-strcmp.o)
                              Core/Src/mqtt_log.o (strcmp)
d:/programmi/stm32cubeide_1.3.0/stm32cubeide/plugins/com.st.stm32cube.ide.mcu.externaltools.gnu-tools-for-stm32.7-2018-q2-update.win32_1.0.0.201904181610/tools/bin/../lib/gcc/arm-none-eabi/7.3.1/../../../../arm-none-eabi/lib/thumb/v7e-m/fpv4-sp/hard\libc_nano.a(lib_a-strcpy.o)
                              Core/Src/configuration.o (strcpy)
[...]
Memory Configuration

Name             Origin             Length             Attributes
RAM              0x0000000020000000 0x0000000000018000 xrw
FLASH            0x0000000008000000 0x0000000000080000 xr
*default*        0x0000000000000000 0xffffffffffffffff

Linker script and memory map

LOAD d:/programmi/stm32cubeide_1.3.0/stm32cubeide/plugins/com.st.stm32cube.ide.mcu.externaltools.gnu-tools-for-stm32.7-2018-q2-update.win32_1.0.0.201904181610/tools/bin/../lib/gcc/arm-none-eabi/7.3.1/thumb/v7e-m/fpv4-sp/hard/crti.o
LOAD d:/programmi/stm32cubeide_1.3.0/stm32cubeide/plugins/com.st.stm32cube.ide.mcu.externaltools.gnu-tools-for-stm32.7-2018-q2-update.win32_1.0.0.201904181610/tools/bin/../lib/gcc/arm-none-eabi/7.3.1/thumb/v7e-m/fpv4-sp/hard/crtbegin.o
LOAD d:/programmi/stm32cubeide_1.3.0/stm32cubeide/plugins/com.st.stm32cube.ide.mcu.externaltools.gnu-tools-for-stm32.7-2018-q2-update.win32_1.0.0.201904181610/tools/bin/../lib/gcc/arm-none-eabi/7.3.1/../../../../arm-none-eabi/lib/thumb/v7e-m/fpv4-sp/hard/crt0.o
LOAD Core/Src/MAX30100.o
LOAD Core/Src/MAX30100_beat_detector.o
LOAD Core/Src/MAX30100_filters.o
LOAD Core/Src/MAX30100_spo2_calculator.o
LOAD Core/Src/buzzer.o
LOAD Core/Src/configuration.o
LOAD Core/Src/datastructure.o
LOAD Core/Src/dma.o
LOAD Core/Src/eeprom_i2c.o
LOAD Core/Src/gpio.o
LOAD Core/Src/i2c.o
LOAD Core/Src/lcd.o
LOAD Core/Src/log.o
LOAD Core/Src/main.o
LOAD Core/Src/mqtt_log.o
LOAD Core/Src/ring_buffer.o
LOAD Core/Src/stm32f4xx_hal_msp.o
LOAD Core/Src/stm32f4xx_it.o
LOAD Core/Src/syscalls.o
LOAD Core/Src/sysmem.o
LOAD Core/Src/system_stm32f4xx.o
LOAD Core/Src/tim.o
LOAD Core/Src/usart.o
LOAD Core/Startup/startup_stm32f401retx.o
LOAD Drivers/STM32F4xx_HAL_Driver/Src/stm32f4xx_hal.o
LOAD Drivers/STM32F4xx_HAL_Driver/Src/stm32f4xx_hal_cortex.o
LOAD Drivers/STM32F4xx_HAL_Driver/Src/stm32f4xx_hal_dma.o
LOAD Drivers/STM32F4xx_HAL_Driver/Src/stm32f4xx_hal_dma_ex.o
LOAD Drivers/STM32F4xx_HAL_Driver/Src/stm32f4xx_hal_exti.o
LOAD Drivers/STM32F4xx_HAL_Driver/Src/stm32f4xx_hal_flash.o
LOAD Drivers/STM32F4xx_HAL_Driver/Src/stm32f4xx_hal_flash_ex.o
LOAD Drivers/STM32F4xx_HAL_Driver/Src/stm32f4xx_hal_flash_ramfunc.o
LOAD Drivers/STM32F4xx_HAL_Driver/Src/stm32f4xx_hal_gpio.o
LOAD Drivers/STM32F4xx_HAL_Driver/Src/stm32f4xx_hal_i2c.o
LOAD Drivers/STM32F4xx_HAL_Driver/Src/stm32f4xx_hal_i2c_ex.o
LOAD Drivers/STM32F4xx_HAL_Driver/Src/stm32f4xx_hal_pwr.o
LOAD Drivers/STM32F4xx_HAL_Driver/Src/stm32f4xx_hal_pwr_ex.o
LOAD Drivers/STM32F4xx_HAL_Driver/Src/stm32f4xx_hal_rcc.o
LOAD Drivers/STM32F4xx_HAL_Driver/Src/stm32f4xx_hal_rcc_ex.o
LOAD Drivers/STM32F4xx_HAL_Driver/Src/stm32f4xx_hal_tim.o
LOAD Drivers/STM32F4xx_HAL_Driver/Src/stm32f4xx_hal_tim_ex.o
LOAD Drivers/STM32F4xx_HAL_Driver/Src/stm32f4xx_hal_uart.o
START GROUP
LOAD d:/programmi/stm32cubeide_1.3.0/stm32cubeide/plugins/com.st.stm32cube.ide.mcu.externaltools.gnu-tools-for-stm32.7-2018-q2-update.win32_1.0.0.201904181610/tools/bin/../lib/gcc/arm-none-eabi/7.3.1/../../../../arm-none-eabi/lib/thumb/v7e-m/fpv4-sp/hard\libc_nano.a
LOAD d:/programmi/stm32cubeide_1.3.0/stm32cubeide/plugins/com.st.stm32cube.ide.mcu.externaltools.gnu-tools-for-stm32.7-2018-q2-update.win32_1.0.0.201904181610/tools/bin/../lib/gcc/arm-none-eabi/7.3.1/../../../../arm-none-eabi/lib/thumb/v7e-m/fpv4-sp/hard\libm.a
END GROUP
START GROUP
LOAD d:/programmi/stm32cubeide_1.3.0/stm32cubeide/plugins/com.st.stm32cube.ide.mcu.externaltools.gnu-tools-for-stm32.7-2018-q2-update.win32_1.0.0.201904181610/tools/bin/../lib/gcc/arm-none-eabi/7.3.1/thumb/v7e-m/fpv4-sp/hard\libgcc.a
LOAD d:/programmi/stm32cubeide_1.3.0/stm32cubeide/plugins/com.st.stm32cube.ide.mcu.externaltools.gnu-tools-for-stm32.7-2018-q2-update.win32_1.0.0.201904181610/tools/bin/../lib/gcc/arm-none-eabi/7.3.1/../../../../arm-none-eabi/lib/thumb/v7e-m/fpv4-sp/hard\libc_nano.a
END GROUP
START GROUP
LOAD d:/programmi/stm32cubeide_1.3.0/stm32cubeide/plugins/com.st.stm32cube.ide.mcu.externaltools.gnu-tools-for-stm32.7-2018-q2-update.win32_1.0.0.201904181610/tools/bin/../lib/gcc/arm-none-eabi/7.3.1/thumb/v7e-m/fpv4-sp/hard\libgcc.a
LOAD d:/programmi/stm32cubeide_1.3.0/stm32cubeide/plugins/com.st.stm32cube.ide.mcu.externaltools.gnu-tools-for-stm32.7-2018-q2-update.win32_1.0.0.201904181610/tools/bin/../lib/gcc/arm-none-eabi/7.3.1/../../../../arm-none-eabi/lib/thumb/v7e-m/fpv4-sp/hard\libc_nano.a
LOAD d:/programmi/stm32cubeide_1.3.0/stm32cubeide/plugins/com.st.stm32cube.ide.mcu.externaltools.gnu-tools-for-stm32.7-2018-q2-update.win32_1.0.0.201904181610/tools/bin/../lib/gcc/arm-none-eabi/7.3.1/../../../../arm-none-eabi/lib/thumb/v7e-m/fpv4-sp/hard\libnosys.a
END GROUP
START GROUP
LOAD d:/programmi/stm32cubeide_1.3.0/stm32cubeide/plugins/com.st.stm32cube.ide.mcu.externaltools.gnu-tools-for-stm32.7-2018-q2-update.win32_1.0.0.201904181610/tools/bin/../lib/gcc/arm-none-eabi/7.3.1/thumb/v7e-m/fpv4-sp/hard\libgcc.a
LOAD d:/programmi/stm32cubeide_1.3.0/stm32cubeide/plugins/com.st.stm32cube.ide.mcu.externaltools.gnu-tools-for-stm32.7-2018-q2-update.win32_1.0.0.201904181610/tools/bin/../lib/gcc/arm-none-eabi/7.3.1/../../../../arm-none-eabi/lib/thumb/v7e-m/fpv4-sp/hard\libc_nano.a
LOAD d:/programmi/stm32cubeide_1.3.0/stm32cubeide/plugins/com.st.stm32cube.ide.mcu.externaltools.gnu-tools-for-stm32.7-2018-q2-update.win32_1.0.0.201904181610/tools/bin/../lib/gcc/arm-none-eabi/7.3.1/../../../../arm-none-eabi/lib/thumb/v7e-m/fpv4-sp/hard\libnosys.a
END GROUP
LOAD d:/programmi/stm32cubeide_1.3.0/stm32cubeide/plugins/com.st.stm32cube.ide.mcu.externaltools.gnu-tools-for-stm32.7-2018-q2-update.win32_1.0.0.201904181610/tools/bin/../lib/gcc/arm-none-eabi/7.3.1/thumb/v7e-m/fpv4-sp/hard/crtend.o
LOAD d:/programmi/stm32cubeide_1.3.0/stm32cubeide/plugins/com.st.stm32cube.ide.mcu.externaltools.gnu-tools-for-stm32.7-2018-q2-update.win32_1.0.0.201904181610/tools/bin/../lib/gcc/arm-none-eabi/7.3.1/thumb/v7e-m/fpv4-sp/hard/crtn.o
                0x0000000020018000                _estack = (ORIGIN (RAM) + LENGTH (RAM))
                0x0000000000000200                _Min_Heap_Size = 0x200
                0x0000000000000400                _Min_Stack_Size = 0x400

.isr_vector     0x0000000008000000      0x194
                0x0000000008000000                . = ALIGN (0x4)
 *(.isr_vector)
 .isr_vector    0x0000000008000000      0x194 Core/Startup/startup_stm32f401retx.o
                0x0000000008000000                g_pfnVectors
                0x0000000008000194                . = ALIGN (0x4)

.text           0x00000000080001a0     0xb328
                0x00000000080001a0                . = ALIGN (0x4)
 *(.text)
 .text          0x00000000080001a0       0x40 d:/programmi/stm32cubeide_1.3.0/stm32cubeide/plugins/com.st.stm32cube.ide.mcu.externaltools.gnu-tools-for-stm32.7-2018-q2-update.win32_1.0.0.201904181610/tools/bin/../lib/gcc/arm-none-eabi/7.3.1/thumb/v7e-m/fpv4-sp/hard/crtbegin.o
 .text          0x00000000080001e0       0x14 d:/programmi/stm32cubeide_1.3.0/stm32cubeide/plugins/com.st.stm32cube.ide.mcu.externaltools.gnu-tools-for-stm32.7-2018-q2-update.win32_1.0.0.201904181610/tools/bin/../lib/gcc/arm-none-eabi/7.3.1/../../../../arm-none-eabi/lib/thumb/v7e-m/fpv4-sp/hard\libc_nano.a(lib_a-strcmp.o)
                0x00000000080001e0                strcmp
 .text          0x00000000080001f4       0x10 d:/programmi/stm32cubeide_1.3.0/stm32cubeide/plugins/com.st.stm32cube.ide.mcu.externaltools.gnu-tools-for-stm32.7-2018-q2-update.win32_1.0.0.201904181610/tools/bin/../lib/gcc/arm-none-eabi/7.3.1/../../../../arm-none-eabi/lib/thumb/v7e-m/fpv4-sp/hard\libc_nano.a(lib_a-strlen.o)
                0x00000000080001f4                strlen
 *fill*         0x0000000008000204        0xc 
 .text          0x0000000008000210       0xa0 d:/programmi/stm32cubeide_1.3.0/stm32cubeide/plugins/com.st.stm32cube.ide.mcu.externaltools.gnu-tools-for-stm32.7-2018-q2-update.win32_1.0.0.201904181610/tools/bin/../lib/gcc/arm-none-eabi/7.3.1/../../../../arm-none-eabi/lib/thumb/v7e-m/fpv4-sp/hard\libc_nano.a(lib_a-memchr.o)
                0x0000000008000210                memchr
 .text          0x00000000080002b0      0x378 d:/programmi/stm32cubeide_1.3.0/stm32cubeide/plugins/com.st.stm32cube.ide.mcu.externaltools.gnu-tools-for-stm32.7-2018-q2-update.win32_1.0.0.201904181610/tools/bin/../lib/gcc/arm-none-eabi/7.3.1/thumb/v7e-m/fpv4-sp/hard\libgcc.a(_arm_addsubdf3.o)
                0x00000000080002b0                __aeabi_drsub
                0x00000000080002b8                __aeabi_dsub
                0x00000000080002b8                __subdf3
                0x00000000080002bc                __aeabi_dadd
                0x00000000080002bc                __adddf3
                0x0000000008000534                __floatunsidf
                0x0000000008000534                __aeabi_ui2d
                0x0000000008000554                __floatsidf
                0x0000000008000554                __aeabi_i2d
                0x0000000008000578                __aeabi_f2d
                0x0000000008000578                __extendsfdf2
                0x00000000080005bc                __floatundidf
                0x00000000080005bc                __aeabi_ul2d
                0x00000000080005cc                __floatdidf
                0x00000000080005cc                __aeabi_l2d
 .text          0x0000000008000628      0x424 d:/programmi/stm32cubeide_1.3.0/stm32cubeide/plugins/com.st.stm32cube.ide.mcu.externaltools.gnu-tools-for-stm32.7-2018-q2-update.win32_1.0.0.201904181610/tools/bin/../lib/gcc/arm-none-eabi/7.3.1/thumb/v7e-m/fpv4-sp/hard\libgcc.a(_arm_muldivdf3.o)
                0x0000000008000628                __aeabi_dmul
                0x0000000008000628                __muldf3
                0x000000000800087c                __divdf3
                0x000000000800087c                __aeabi_ddiv
 .text          0x0000000008000a4c      0x110 d:/programmi/stm32cubeide_1.3.0/stm32cubeide/plugins/com.st.stm32cube.ide.mcu.externaltools.gnu-tools-for-stm32.7-2018-q2-update.win32_1.0.0.201904181610/tools/bin/../lib/gcc/arm-none-eabi/7.3.1/thumb/v7e-m/fpv4-sp/hard\libgcc.a(_arm_cmpdf2.o)
                0x0000000008000a4c                __gtdf2
                0x0000000008000a4c                __gedf2
                0x0000000008000a54                __ltdf2
                0x0000000008000a54                __ledf2
                0x0000000008000a5c                __nedf2
                0x0000000008000a5c                __eqdf2
                0x0000000008000a5c                __cmpdf2
                0x0000000008000ad8                __aeabi_cdrcmple
                0x0000000008000ae8                __aeabi_cdcmpeq
                0x0000000008000ae8                __aeabi_cdcmple
                0x0000000008000af8                __aeabi_dcmpeq
                0x0000000008000b0c                __aeabi_dcmplt
                0x0000000008000b20                __aeabi_dcmple
                0x0000000008000b34                __aeabi_dcmpge
                0x0000000008000b48                __aeabi_dcmpgt
 .text          0x0000000008000b5c       0x2c d:/programmi/stm32cubeide_1.3.0/stm32cubeide/plugins/com.st.stm32cube.ide.mcu.externaltools.gnu-tools-for-stm32.7-2018-q2-update.win32_1.0.0.201904181610/tools/bin/../lib/gcc/arm-none-eabi/7.3.1/thumb/v7e-m/fpv4-sp/hard\libgcc.a(_arm_unorddf2.o)
                0x0000000008000b5c                __unorddf2
                0x0000000008000b5c                __aeabi_dcmpun
 .text          0x0000000008000b88       0x40 d:/programmi/stm32cubeide_1.3.0/stm32cubeide/plugins/com.st.stm32cube.ide.mcu.externaltools.gnu-tools-for-stm32.7-2018-q2-update.win32_1.0.0.201904181610/tools/bin/../lib/gcc/arm-none-eabi/7.3.1/thumb/v7e-m/fpv4-sp/hard\libgcc.a(_arm_fixunsdfsi.o)
                0x0000000008000b88                __aeabi_d2uiz
                0x0000000008000b88                __fixunsdfsi
 .text          0x0000000008000bc8       0xa0 d:/programmi/stm32cubeide_1.3.0/stm32cubeide/plugins/com.st.stm32cube.ide.mcu.externaltools.gnu-tools-for-stm32.7-2018-q2-update.win32_1.0.0.201904181610/tools/bin/../lib/gcc/arm-none-eabi/7.3.1/thumb/v7e-m/fpv4-sp/hard\libgcc.a(_arm_truncdfsf2.o)
                0x0000000008000bc8                __truncdfsf2
                0x0000000008000bc8                __aeabi_d2f
 .text          0x0000000008000c68       0x30 d:/programmi/stm32cubeide_1.3.0/stm32cubeide/plugins/com.st.stm32cube.ide.mcu.externaltools.gnu-tools-for-stm32.7-2018-q2-update.win32_1.0.0.201904181610/tools/bin/../lib/gcc/arm-none-eabi/7.3.1/thumb/v7e-m/fpv4-sp/hard\libgcc.a(_aeabi_uldivmod.o)
                0x0000000008000c68                __aeabi_uldivmod
 .text          0x0000000008000c98      0x2cc d:/programmi/stm32cubeide_1.3.0/stm32cubeide/plugins/com.st.stm32cube.ide.mcu.externaltools.gnu-tools-for-stm32.7-2018-q2-update.win32_1.0.0.201904181610/tools/bin/../lib/gcc/arm-none-eabi/7.3.1/thumb/v7e-m/fpv4-sp/hard\libgcc.a(_udivmoddi4.o)
                0x0000000008000c98                __udivmoddi4
 .text          0x0000000008000f64        0x4 d:/programmi/stm32cubeide_1.3.0/stm32cubeide/plugins/com.st.stm32cube.ide.mcu.externaltools.gnu-tools-for-stm32.7-2018-q2-update.win32_1.0.0.201904181610/tools/bin/../lib/gcc/arm-none-eabi/7.3.1/thumb/v7e-m/fpv4-sp/hard\libgcc.a(_dvmd_tls.o)
                0x0000000008000f64                __aeabi_idiv0
                0x0000000008000f64                __aeabi_ldiv0
 *(.text*)
 .text.MAX30100_init
                0x0000000008000f68       0x6c Core/Src/MAX30100.o
                0x0000000008000f68                MAX30100_init
 .text.MAX30100_getID
                0x0000000008000fd4       0x3c Core/Src/MAX30100.o
                0x0000000008000fd4                MAX30100_getID
 .text.MAX30100_setup
                0x0000000008001010       0x78 Core/Src/MAX30100.o
                0x0000000008001010                MAX30100_setup
 .text.MAX30100_clearFIFO
                0x0000000008001088       0x80 Core/Src/MAX30100.o
                0x0000000008001088                MAX30100_clearFIFO
 .text.MAX30100_reset
                0x0000000008001108       0x54 Core/Src/MAX30100.o
                0x0000000008001108                MAX30100_reset
 .text.MAX30100_shutdown
                0x000000000800115c       0x54 Core/Src/MAX30100.o
                0x000000000800115c                MAX30100_shutdown
 .text.MAX30100_interrupt_enable
                0x00000000080011b0       0x9c Core/Src/MAX30100.o
                0x00000000080011b0                MAX30100_interrupt_enable
 .text.MAX30100_read_sensor
                0x000000000800124c      0x154 Core/Src/MAX30100.o
                0x000000000800124c                MAX30100_read_sensor
 .text.MAX30100_mean_diff
                0x00000000080013a0       0xe4 Core/Src/MAX30100.o
                0x00000000080013a0                MAX30100_mean_diff
 .text.add_sample
                0x0000000008001484       0x1c Core/Src/MAX30100_beat_detector.o
                0x0000000008001484                add_sample
 .text.get_rate
                0x00000000080014a0       0x54 Core/Src/MAX30100_beat_detector.o
                0x00000000080014a0                get_rate
 *fill*         0x00000000080014f4        0x4 
 .text.check_for_beat
                0x00000000080014f8      0x1f0 Core/Src/MAX30100_beat_detector.o
                0x00000000080014f8                check_for_beat
 .text.decrease_threshold
                0x00000000080016e8       0xe4 Core/Src/MAX30100_beat_detector.o
                0x00000000080016e8                decrease_threshold
 .text.min_check
                0x00000000080017cc       0x20 Core/Src/MAX30100_beat_detector.o
                0x00000000080017cc                min_check
 .text.dc_removal
                0x00000000080017ec       0x4e Core/Src/MAX30100_filters.o
                0x00000000080017ec                dc_removal
 *fill*         0x000000000800183a        0x6 
 .text.butterworth_filter
                0x0000000008001840       0x8c Core/Src/MAX30100_filters.o
                0x0000000008001840                butterworth_filter
 .text.spo2_update
                0x00000000080018cc      0x174 Core/Src/MAX30100_spo2_calculator.o
                0x00000000080018cc                spo2_update
 .text.spo2_reset
                0x0000000008001a40       0x36 Core/Src/MAX30100_spo2_calculator.o
                0x0000000008001a40                spo2_reset
 *fill*         0x0000000008001a76        0x2 
 .text.buzzer_low_hr
                0x0000000008001a78       0x2c Core/Src/buzzer.o
                0x0000000008001a78                buzzer_low_hr
 .text.buzzer_high_hr
                0x0000000008001aa4       0x2c Core/Src/buzzer.o
                0x0000000008001aa4                buzzer_high_hr
 .text.buzzer_low_ox
                0x0000000008001ad0       0x2c Core/Src/buzzer.o
                0x0000000008001ad0                buzzer_low_ox
 .text.buzzer_high_ox
                0x0000000008001afc       0x2c Core/Src/buzzer.o
                0x0000000008001afc                buzzer_high_ox
 .text.buzzer_beep
                0x0000000008001b28       0x40 Core/Src/buzzer.o
                0x0000000008001b28                buzzer_beep
 .text.buzzer_check
                0x0000000008001b68       0x84 Core/Src/buzzer.o
                0x0000000008001b68                buzzer_check
 .text.configuration_init
                0x0000000008001bec       0x84 Core/Src/configuration.o
                0x0000000008001bec                configuration_init
 .text.load_conf
                0x0000000008001c70      0x118 Core/Src/configuration.o
                0x0000000008001c70                load_conf
 .text.save_conf
                0x0000000008001d88       0xf4 Core/Src/configuration.o
                0x0000000008001d88                save_conf
 .text.read_conf_from_buffer
                0x0000000008001e7c       0x26 Core/Src/configuration.o
                0x0000000008001e7c                read_conf_from_buffer
 *fill*         0x0000000008001ea2        0x2 
 .text.configuration_check_tr
                0x0000000008001ea4       0x3c Core/Src/configuration.o
                0x0000000008001ea4                configuration_check_tr
 .text.date_init
                0x0000000008001ee0       0x3c Core/Src/datastructure.o
                0x0000000008001ee0                date_init
 .text.hr_ox_init
                0x0000000008001f1c       0x38 Core/Src/datastructure.o
                0x0000000008001f1c                hr_ox_init
 .text.date_increment
                0x0000000008001f54       0x86 Core/Src/datastructure.o
                0x0000000008001f54                date_increment
 *fill*         0x0000000008001fda        0x2 
 .text.MX_DMA_Init
                0x0000000008001fdc       0x8c Core/Src/dma.o
                0x0000000008001fdc                MX_DMA_Init
 .text.write_bytes
                0x0000000008002068       0x62 Core/Src/eeprom_i2c.o
                0x0000000008002068                write_bytes
 .text.read_bytes
                0x00000000080020ca       0x62 Core/Src/eeprom_i2c.o
                0x00000000080020ca                read_bytes
 .text.MX_GPIO_Init
                0x000000000800212c       0xf0 Core/Src/gpio.o
                0x000000000800212c                MX_GPIO_Init
 .text.MX_I2C1_Init
                0x000000000800221c       0x5c Core/Src/i2c.o
                0x000000000800221c                MX_I2C1_Init
 .text.MX_I2C2_Init
                0x0000000008002278       0x5c Core/Src/i2c.o
                0x0000000008002278                MX_I2C2_Init
 .text.MX_I2C3_Init
                0x00000000080022d4       0x5c Core/Src/i2c.o
                0x00000000080022d4                MX_I2C3_Init
 .text.HAL_I2C_MspInit
                0x0000000008002330      0x228 Core/Src/i2c.o
                0x0000000008002330                HAL_I2C_MspInit
 .text.lcd_send_cmd
                0x0000000008002558       0x60 Core/Src/lcd.o
                0x0000000008002558                lcd_send_cmd
 .text.lcd_send_data
                0x00000000080025b8       0x60 Core/Src/lcd.o
                0x00000000080025b8                lcd_send_data
 .text.lcd_clear
                0x0000000008002618       0x2c Core/Src/lcd.o
                0x0000000008002618                lcd_clear
 .text.lcd_put_cur
                0x0000000008002644       0x3c Core/Src/lcd.o
                0x0000000008002644                lcd_put_cur
 .text.lcd_init
                0x0000000008002680       0x7a Core/Src/lcd.o
                0x0000000008002680                lcd_init
 .text.lcd_send_string
                0x00000000080026fa       0x28 Core/Src/lcd.o
                0x00000000080026fa                lcd_send_string
 *fill*         0x0000000008002722        0x2 
 .text.lcd_send_status
                0x0000000008002724       0x64 Core/Src/lcd.o
                0x0000000008002724                lcd_send_status
 .text.log_status
                0x0000000008002788       0x7c Core/Src/log.o
                0x0000000008002788                log_status
 .text.log_system_boot
                0x0000000008002804       0x1c Core/Src/log.o
                0x0000000008002804                log_system_boot
 .text.log_system_configuration_loaded
                0x0000000008002820       0x1c Core/Src/log.o
                0x0000000008002820                log_system_configuration_loaded
 .text.log_system_activated
                0x000000000800283c       0x1c Core/Src/log.o
                0x000000000800283c                log_system_activated
 .text.log_system_deactivated
                0x0000000008002858       0x1c Core/Src/log.o
                0x0000000008002858                log_system_deactivated
 .text.log_low_heart_rate_alarm
                0x0000000008002874       0x1c Core/Src/log.o
                0x0000000008002874                log_low_heart_rate_alarm
 .text.log_high_heart_rate_alarm
                0x0000000008002890       0x1c Core/Src/log.o
                0x0000000008002890                log_high_heart_rate_alarm
 .text.log_mqtt_errors
                0x00000000080028ac       0x1c Core/Src/log.o
                0x00000000080028ac                log_mqtt_errors
 .text.log_mqtt_connection_established
                0x00000000080028c8       0x1c Core/Src/log.o
                0x00000000080028c8                log_mqtt_connection_established
 .text.log_mqtt_connection_closed
                0x00000000080028e4       0x1c Core/Src/log.o
                0x00000000080028e4                log_mqtt_connection_closed
 .text.log_mqtt_message_sent
                0x0000000008002900       0x1c Core/Src/log.o
                0x0000000008002900                log_mqtt_message_sent
 .text.log_transmit
                0x000000000800291c       0x28 Core/Src/log.o
                0x000000000800291c                log_transmit
 .text.main     0x0000000008002944       0xd0 Core/Src/main.o
                0x0000000008002944                main
 .text.SystemClock_Config
                0x0000000008002a14       0xc0 Core/Src/main.o
                0x0000000008002a14                SystemClock_Config
 .text.Error_Handler
                0x0000000008002ad4        0xe Core/Src/main.o
                0x0000000008002ad4                Error_Handler
 *fill*         0x0000000008002ae2        0x2 
 .text.mqtt_init_communication
                0x0000000008002ae4       0x40 Core/Src/mqtt_log.o
                0x0000000008002ae4                mqtt_init_communication
 .text.send_mqtt
                0x0000000008002b24      0x1b4 Core/Src/mqtt_log.o
                0x0000000008002b24                send_mqtt
 .text.mqtt_set_hearth_rate
                0x0000000008002cd8       0x24 Core/Src/mqtt_log.o
                0x0000000008002cd8                mqtt_set_hearth_rate
 .text.mqtt_set_oximeter
                0x0000000008002cfc       0x24 Core/Src/mqtt_log.o
                0x0000000008002cfc                mqtt_set_oximeter
 .text.mqtt_set_server
                0x0000000008002d20       0x20 Core/Src/mqtt_log.o
                0x0000000008002d20                mqtt_set_server
 .text.mqtt_get_ack
                0x0000000008002d40       0x28 Core/Src/mqtt_log.o
                0x0000000008002d40                mqtt_get_ack
 .text.mqtt_check_state
                0x0000000008002d68       0xfc Core/Src/mqtt_log.o
                0x0000000008002d68                mqtt_check_state
 .text.RingBuffer_Init
                0x0000000008002e64       0x34 Core/Src/ring_buffer.o
                0x0000000008002e64                RingBuffer_Init
 .text.addByte  0x0000000008002e98       0x7c Core/Src/ring_buffer.o
                0x0000000008002e98                addByte
 .text.getByte  0x0000000008002f14       0x68 Core/Src/ring_buffer.o
                0x0000000008002f14                getByte
 .text.RingBuffer_Write
                0x0000000008002f7c       0x5c Core/Src/ring_buffer.o
                0x0000000008002f7c                RingBuffer_Write
 .text.RingBuffer_Read
                0x0000000008002fd8       0x58 Core/Src/ring_buffer.o
                0x0000000008002fd8                RingBuffer_Read
 .text.RingBuffer_GetDataLength
                0x0000000008003030       0x1a Core/Src/ring_buffer.o
                0x0000000008003030                RingBuffer_GetDataLength
 *fill*         0x000000000800304a        0x2 
 .text.HAL_MspInit
                0x000000000800304c       0x50 Core/Src/stm32f4xx_hal_msp.o
                0x000000000800304c                HAL_MspInit
 .text.NMI_Handler
                0x000000000800309c        0xe Core/Src/stm32f4xx_it.o
                0x000000000800309c                NMI_Handler
 .text.HardFault_Handler
                0x00000000080030aa        0x6 Core/Src/stm32f4xx_it.o
                0x00000000080030aa                HardFault_Handler
 .text.MemManage_Handler
                0x00000000080030b0        0x6 Core/Src/stm32f4xx_it.o
                0x00000000080030b0                MemManage_Handler
 .text.BusFault_Handler
                0x00000000080030b6        0x6 Core/Src/stm32f4xx_it.o
                0x00000000080030b6                BusFault_Handler
 .text.UsageFault_Handler
                0x00000000080030bc        0x6 Core/Src/stm32f4xx_it.o
                0x00000000080030bc                UsageFault_Handler
 .text.SVC_Handler
                0x00000000080030c2        0xe Core/Src/stm32f4xx_it.o
                0x00000000080030c2                SVC_Handler
 .text.DebugMon_Handler
                0x00000000080030d0        0xe Core/Src/stm32f4xx_it.o
                0x00000000080030d0                DebugMon_Handler
 .text.PendSV_Handler
                0x00000000080030de        0xe Core/Src/stm32f4xx_it.o
                0x00000000080030de                PendSV_Handler
 .text.SysTick_Handler
                0x00000000080030ec       0x1c Core/Src/stm32f4xx_it.o
                0x00000000080030ec                SysTick_Handler
 .text.DMA1_Stream5_IRQHandler
                0x0000000008003108       0x14 Core/Src/stm32f4xx_it.o
                0x0000000008003108                DMA1_Stream5_IRQHandler
 .text.DMA1_Stream6_IRQHandler
                0x000000000800311c       0x14 Core/Src/stm32f4xx_it.o
                0x000000000800311c                DMA1_Stream6_IRQHandler
 .text.TIM1_BRK_TIM9_IRQHandler
                0x0000000008003130       0x1c Core/Src/stm32f4xx_it.o
                0x0000000008003130                TIM1_BRK_TIM9_IRQHandler
 .text.TIM1_UP_TIM10_IRQHandler
                0x000000000800314c       0x1c Core/Src/stm32f4xx_it.o
                0x000000000800314c                TIM1_UP_TIM10_IRQHandler
 .text.TIM1_TRG_COM_TIM11_IRQHandler
                0x0000000008003168       0x1c Core/Src/stm32f4xx_it.o
                0x0000000008003168                TIM1_TRG_COM_TIM11_IRQHandler
 .text.TIM2_IRQHandler
                0x0000000008003184       0x14 Core/Src/stm32f4xx_it.o
                0x0000000008003184                TIM2_IRQHandler
 .text.TIM3_IRQHandler
                0x0000000008003198       0x14 Core/Src/stm32f4xx_it.o
                0x0000000008003198                TIM3_IRQHandler
 .text.TIM4_IRQHandler
                0x00000000080031ac       0x14 Core/Src/stm32f4xx_it.o
                0x00000000080031ac                TIM4_IRQHandler
 .text.I2C1_EV_IRQHandler
                0x00000000080031c0       0x14 Core/Src/stm32f4xx_it.o
                0x00000000080031c0                I2C1_EV_IRQHandler
 .text.I2C1_ER_IRQHandler
                0x00000000080031d4       0x14 Core/Src/stm32f4xx_it.o
                0x00000000080031d4                I2C1_ER_IRQHandler
 .text.I2C2_EV_IRQHandler
                0x00000000080031e8       0x14 Core/Src/stm32f4xx_it.o
                0x00000000080031e8                I2C2_EV_IRQHandler
 .text.I2C2_ER_IRQHandler
                0x00000000080031fc       0x14 Core/Src/stm32f4xx_it.o
                0x00000000080031fc                I2C2_ER_IRQHandler
 .text.USART1_IRQHandler
                0x0000000008003210       0x14 Core/Src/stm32f4xx_it.o
                0x0000000008003210                USART1_IRQHandler
 .text.USART2_IRQHandler
                0x0000000008003224       0x14 Core/Src/stm32f4xx_it.o
                0x0000000008003224                USART2_IRQHandler
 .text.EXTI15_10_IRQHandler
                0x0000000008003238       0x10 Core/Src/stm32f4xx_it.o
                0x0000000008003238                EXTI15_10_IRQHandler
 .text.TIM5_IRQHandler
                0x0000000008003248       0x14 Core/Src/stm32f4xx_it.o
                0x0000000008003248                TIM5_IRQHandler
 .text.DMA2_Stream2_IRQHandler
                0x000000000800325c       0x14 Core/Src/stm32f4xx_it.o
                0x000000000800325c                DMA2_Stream2_IRQHandler
 .text.DMA2_Stream7_IRQHandler
                0x0000000008003270       0x14 Core/Src/stm32f4xx_it.o
                0x0000000008003270                DMA2_Stream7_IRQHandler
 .text.I2C3_EV_IRQHandler
                0x0000000008003284       0x14 Core/Src/stm32f4xx_it.o
                0x0000000008003284                I2C3_EV_IRQHandler
 .text.I2C3_ER_IRQHandler
                0x0000000008003298       0x14 Core/Src/stm32f4xx_it.o
                0x0000000008003298                I2C3_ER_IRQHandler
 .text.HAL_TIM_PeriodElapsedCallback
                0x00000000080032ac      0x358 Core/Src/stm32f4xx_it.o
                0x00000000080032ac                HAL_TIM_PeriodElapsedCallback
 .text.HAL_UART_RxCpltCallback
                0x0000000008003604      0x1f4 Core/Src/stm32f4xx_it.o
                0x0000000008003604                HAL_UART_RxCpltCallback
 .text.HAL_UART_TxCpltCallback
                0x00000000080037f8       0x24 Core/Src/stm32f4xx_it.o
                0x00000000080037f8                HAL_UART_TxCpltCallback
 .text.millis   0x000000000800381c       0x18 Core/Src/stm32f4xx_it.o
                0x000000000800381c                millis
 .text.HAL_GPIO_EXTI_Callback
                0x0000000008003834       0x58 Core/Src/stm32f4xx_it.o
                0x0000000008003834                HAL_GPIO_EXTI_Callback
 .text._sbrk    0x000000000800388c       0x58 Core/Src/sysmem.o
                0x000000000800388c                _sbrk
 .text.SystemInit
                0x00000000080038e4       0x2c Core/Src/system_stm32f4xx.o
                0x00000000080038e4                SystemInit
 .text.MX_TIM3_Init
                0x0000000008003910       0x9c Core/Src/tim.o
                0x0000000008003910                MX_TIM3_Init
 .text.MX_TIM1_Init
                0x00000000080039ac       0xac Core/Src/tim.o
                0x00000000080039ac                MX_TIM1_Init
 .text.MX_TIM2_Init
                0x0000000008003a58       0xec Core/Src/tim.o
                0x0000000008003a58                MX_TIM2_Init
 .text.MX_TIM4_Init
                0x0000000008003b44       0xa4 Core/Src/tim.o
                0x0000000008003b44                MX_TIM4_Init
 .text.MX_TIM5_Init
                0x0000000008003be8       0xa8 Core/Src/tim.o
                0x0000000008003be8                MX_TIM5_Init
 .text.MX_TIM10_Init
                0x0000000008003c90       0x54 Core/Src/tim.o
                0x0000000008003c90                MX_TIM10_Init
 .text.MX_TIM11_Init
                0x0000000008003ce4       0x54 Core/Src/tim.o
                0x0000000008003ce4                MX_TIM11_Init
 .text.MX_TIM9_Init
                0x0000000008003d38       0x80 Core/Src/tim.o
                0x0000000008003d38                MX_TIM9_Init
 .text.HAL_TIM_Base_MspInit
                0x0000000008003db8      0x210 Core/Src/tim.o
                0x0000000008003db8                HAL_TIM_Base_MspInit
 .text.HAL_TIM_MspPostInit
                0x0000000008003fc8       0x70 Core/Src/tim.o
                0x0000000008003fc8                HAL_TIM_MspPostInit
 .text.MX_USART1_UART_Init
                0x0000000008004038       0x54 Core/Src/usart.o
                0x0000000008004038                MX_USART1_UART_Init
 .text.MX_USART2_UART_Init
                0x000000000800408c       0x54 Core/Src/usart.o
                0x000000000800408c                MX_USART2_UART_Init
 .text.HAL_UART_MspInit
                0x00000000080040e0      0x2ac Core/Src/usart.o
                0x00000000080040e0                HAL_UART_MspInit
 .text.Reset_Handler
                0x000000000800438c       0x50 Core/Startup/startup_stm32f401retx.o
                0x000000000800438c                Reset_Handler
 .text.Default_Handler
                0x00000000080043dc        0x2 Core/Startup/startup_stm32f401retx.o
                0x00000000080043dc                RTC_Alarm_IRQHandler
                0x00000000080043dc                EXTI2_IRQHandler
                0x00000000080043dc                SPI4_IRQHandler
                0x00000000080043dc                TIM1_CC_IRQHandler
                0x00000000080043dc                DMA2_Stream5_IRQHandler
                0x00000000080043dc                PVD_IRQHandler
                0x00000000080043dc                SDIO_IRQHandler
                0x00000000080043dc                TAMP_STAMP_IRQHandler
                0x00000000080043dc                EXTI3_IRQHandler
                0x00000000080043dc                EXTI0_IRQHandler
                0x00000000080043dc                DMA1_Stream2_IRQHandler
                0x00000000080043dc                FPU_IRQHandler
                0x00000000080043dc                SPI1_IRQHandler
                0x00000000080043dc                DMA2_Stream3_IRQHandler
                0x00000000080043dc                USART6_IRQHandler
                0x00000000080043dc                DMA2_Stream0_IRQHandler
                0x00000000080043dc                DMA1_Stream1_IRQHandler
                0x00000000080043dc                RCC_IRQHandler
                0x00000000080043dc                Default_Handler
                0x00000000080043dc                ADC_IRQHandler
                0x00000000080043dc                DMA1_Stream7_IRQHandler
                0x00000000080043dc                EXTI9_5_IRQHandler
                0x00000000080043dc                RTC_WKUP_IRQHandler
                0x00000000080043dc                SPI2_IRQHandler
                0x00000000080043dc                DMA1_Stream0_IRQHandler
                0x00000000080043dc                EXTI4_IRQHandler
                0x00000000080043dc                WWDG_IRQHandler
                0x00000000080043dc                OTG_FS_WKUP_IRQHandler
                0x00000000080043dc                EXTI1_IRQHandler
                0x00000000080043dc                DMA2_Stream1_IRQHandler
                0x00000000080043dc                FLASH_IRQHandler
                0x00000000080043dc                DMA2_Stream4_IRQHandler
                0x00000000080043dc                OTG_FS_IRQHandler
                0x00000000080043dc                SPI3_IRQHandler
                0x00000000080043dc                DMA1_Stream4_IRQHandler
                0x00000000080043dc                DMA2_Stream6_IRQHandler
                0x00000000080043dc                DMA1_Stream3_IRQHandler
 *fill*         0x00000000080043de        0x2 
 .text.HAL_Init
                0x00000000080043e0       0x44 Drivers/STM32F4xx_HAL_Driver/Src/stm32f4xx_hal.o
                0x00000000080043e0                HAL_Init
 .text.HAL_InitTick
                0x0000000008004424       0x60 Drivers/STM32F4xx_HAL_Driver/Src/stm32f4xx_hal.o
                0x0000000008004424                HAL_InitTick
 .text.HAL_IncTick
                0x0000000008004484       0x28 Drivers/STM32F4xx_HAL_Driver/Src/stm32f4xx_hal.o
                0x0000000008004484                HAL_IncTick
 .text.HAL_GetTick
                0x00000000080044ac       0x18 Drivers/STM32F4xx_HAL_Driver/Src/stm32f4xx_hal.o
                0x00000000080044ac                HAL_GetTick
 .text.HAL_Delay
                0x00000000080044c4       0x44 Drivers/STM32F4xx_HAL_Driver/Src/stm32f4xx_hal.o
                0x00000000080044c4                HAL_Delay
 .text.__NVIC_SetPriorityGrouping
                0x0000000008004508       0x48 Drivers/STM32F4xx_HAL_Driver/Src/stm32f4xx_hal_cortex.o
 .text.__NVIC_GetPriorityGrouping
                0x0000000008004550       0x1c Drivers/STM32F4xx_HAL_Driver/Src/stm32f4xx_hal_cortex.o
 .text.__NVIC_EnableIRQ
                0x000000000800456c       0x3c Drivers/STM32F4xx_HAL_Driver/Src/stm32f4xx_hal_cortex.o
 .text.__NVIC_SetPriority
                0x00000000080045a8       0x54 Drivers/STM32F4xx_HAL_Driver/Src/stm32f4xx_hal_cortex.o
 .text.NVIC_EncodePriority
                0x00000000080045fc       0x66 Drivers/STM32F4xx_HAL_Driver/Src/stm32f4xx_hal_cortex.o
 *fill*         0x0000000008004662        0x2 
 .text.SysTick_Config
                0x0000000008004664       0x44 Drivers/STM32F4xx_HAL_Driver/Src/stm32f4xx_hal_cortex.o
 .text.HAL_NVIC_SetPriorityGrouping
                0x00000000080046a8       0x16 Drivers/STM32F4xx_HAL_Driver/Src/stm32f4xx_hal_cortex.o
                0x00000000080046a8                HAL_NVIC_SetPriorityGrouping
 .text.HAL_NVIC_SetPriority
                0x00000000080046be       0x38 Drivers/STM32F4xx_HAL_Driver/Src/stm32f4xx_hal_cortex.o
                0x00000000080046be                HAL_NVIC_SetPriority
 .text.HAL_NVIC_EnableIRQ
                0x00000000080046f6       0x1c Drivers/STM32F4xx_HAL_Driver/Src/stm32f4xx_hal_cortex.o
                0x00000000080046f6                HAL_NVIC_EnableIRQ
 .text.HAL_SYSTICK_Config
                0x0000000008004712       0x18 Drivers/STM32F4xx_HAL_Driver/Src/stm32f4xx_hal_cortex.o
                0x0000000008004712                HAL_SYSTICK_Config
 *fill*         0x000000000800472a        0x2 
 .text.HAL_DMA_Init
                0x000000000800472c      0x15c Drivers/STM32F4xx_HAL_Driver/Src/stm32f4xx_hal_dma.o
                0x000000000800472c                HAL_DMA_Init
 .text.HAL_DMA_Start_IT
                0x0000000008004888       0xb0 Drivers/STM32F4xx_HAL_Driver/Src/stm32f4xx_hal_dma.o
                0x0000000008004888                HAL_DMA_Start_IT
 .text.HAL_DMA_Abort_IT
                0x0000000008004938       0x44 Drivers/STM32F4xx_HAL_Driver/Src/stm32f4xx_hal_dma.o
                0x0000000008004938                HAL_DMA_Abort_IT
 .text.HAL_DMA_IRQHandler
                0x000000000800497c      0x314 Drivers/STM32F4xx_HAL_Driver/Src/stm32f4xx_hal_dma.o
                0x000000000800497c                HAL_DMA_IRQHandler
 .text.HAL_DMA_GetState
                0x0000000008004c90       0x1c Drivers/STM32F4xx_HAL_Driver/Src/stm32f4xx_hal_dma.o
                0x0000000008004c90                HAL_DMA_GetState
 .text.DMA_SetConfig
                0x0000000008004cac       0x5c Drivers/STM32F4xx_HAL_Driver/Src/stm32f4xx_hal_dma.o
 .text.DMA_CalcBaseAndBitshift
                0x0000000008004d08       0x6c Drivers/STM32F4xx_HAL_Driver/Src/stm32f4xx_hal_dma.o
 .text.DMA_CheckFifoParam
                0x0000000008004d74       0xf4 Drivers/STM32F4xx_HAL_Driver/Src/stm32f4xx_hal_dma.o
 .text.HAL_GPIO_Init
                0x0000000008004e68      0x304 Drivers/STM32F4xx_HAL_Driver/Src/stm32f4xx_hal_gpio.o
                0x0000000008004e68                HAL_GPIO_Init
 .text.HAL_GPIO_ReadPin
                0x000000000800516c       0x30 Drivers/STM32F4xx_HAL_Driver/Src/stm32f4xx_hal_gpio.o
                0x000000000800516c                HAL_GPIO_ReadPin
 .text.HAL_GPIO_WritePin
                0x000000000800519c       0x32 Drivers/STM32F4xx_HAL_Driver/Src/stm32f4xx_hal_gpio.o
                0x000000000800519c                HAL_GPIO_WritePin
 .text.HAL_GPIO_TogglePin
                0x00000000080051ce       0x36 Drivers/STM32F4xx_HAL_Driver/Src/stm32f4xx_hal_gpio.o
                0x00000000080051ce                HAL_GPIO_TogglePin
 .text.HAL_GPIO_EXTI_IRQHandler
                0x0000000008005204       0x30 Drivers/STM32F4xx_HAL_Driver/Src/stm32f4xx_hal_gpio.o
                0x0000000008005204                HAL_GPIO_EXTI_IRQHandler
 .text.HAL_I2C_Init
                0x0000000008005234      0x270 Drivers/STM32F4xx_HAL_Driver/Src/stm32f4xx_hal_i2c.o
                0x0000000008005234                HAL_I2C_Init
 .text.HAL_I2C_Master_Transmit
                0x00000000080054a4      0x1fc Drivers/STM32F4xx_HAL_Driver/Src/stm32f4xx_hal_i2c.o
                0x00000000080054a4                HAL_I2C_Master_Transmit
 .text.HAL_I2C_Mem_Write
                0x00000000080056a0      0x1f4 Drivers/STM32F4xx_HAL_Driver/Src/stm32f4xx_hal_i2c.o
                0x00000000080056a0                HAL_I2C_Mem_Write
 .text.HAL_I2C_Mem_Read
                0x0000000008005894      0x44c Drivers/STM32F4xx_HAL_Driver/Src/stm32f4xx_hal_i2c.o
                0x0000000008005894                HAL_I2C_Mem_Read
 .text.HAL_I2C_IsDeviceReady
                0x0000000008005ce0      0x25c Drivers/STM32F4xx_HAL_Driver/Src/stm32f4xx_hal_i2c.o
                0x0000000008005ce0                HAL_I2C_IsDeviceReady
 .text.HAL_I2C_EV_IRQHandler
                0x0000000008005f3c      0x2cc Drivers/STM32F4xx_HAL_Driver/Src/stm32f4xx_hal_i2c.o
                0x0000000008005f3c                HAL_I2C_EV_IRQHandler
 .text.HAL_I2C_ER_IRQHandler
                0x0000000008006208      0x14e Drivers/STM32F4xx_HAL_Driver/Src/stm32f4xx_hal_i2c.o
                0x0000000008006208                HAL_I2C_ER_IRQHandler
 .text.HAL_I2C_MasterTxCpltCallback
                0x0000000008006356       0x14 Drivers/STM32F4xx_HAL_Driver/Src/stm32f4xx_hal_i2c.o
                0x0000000008006356                HAL_I2C_MasterTxCpltCallback
 .text.HAL_I2C_MasterRxCpltCallback
                0x000000000800636a       0x14 Drivers/STM32F4xx_HAL_Driver/Src/stm32f4xx_hal_i2c.o
                0x000000000800636a                HAL_I2C_MasterRxCpltCallback
 .text.HAL_I2C_SlaveTxCpltCallback
                0x000000000800637e       0x14 Drivers/STM32F4xx_HAL_Driver/Src/stm32f4xx_hal_i2c.o
                0x000000000800637e                HAL_I2C_SlaveTxCpltCallback
 .text.HAL_I2C_SlaveRxCpltCallback
                0x0000000008006392       0x14 Drivers/STM32F4xx_HAL_Driver/Src/stm32f4xx_hal_i2c.o
                0x0000000008006392                HAL_I2C_SlaveRxCpltCallback
 .text.HAL_I2C_AddrCallback
                0x00000000080063a6       0x1c Drivers/STM32F4xx_HAL_Driver/Src/stm32f4xx_hal_i2c.o
                0x00000000080063a6                HAL_I2C_AddrCallback
 .text.HAL_I2C_ListenCpltCallback
                0x00000000080063c2       0x14 Drivers/STM32F4xx_HAL_Driver/Src/stm32f4xx_hal_i2c.o
                0x00000000080063c2                HAL_I2C_ListenCpltCallback
 .text.HAL_I2C_MemTxCpltCallback
                0x00000000080063d6       0x14 Drivers/STM32F4xx_HAL_Driver/Src/stm32f4xx_hal_i2c.o
                0x00000000080063d6                HAL_I2C_MemTxCpltCallback
 .text.HAL_I2C_MemRxCpltCallback
                0x00000000080063ea       0x14 Drivers/STM32F4xx_HAL_Driver/Src/stm32f4xx_hal_i2c.o
                0x00000000080063ea                HAL_I2C_MemRxCpltCallback
 .text.HAL_I2C_ErrorCallback
                0x00000000080063fe       0x14 Drivers/STM32F4xx_HAL_Driver/Src/stm32f4xx_hal_i2c.o
                0x00000000080063fe                HAL_I2C_ErrorCallback
 .text.HAL_I2C_AbortCpltCallback
                0x0000000008006412       0x14 Drivers/STM32F4xx_HAL_Driver/Src/stm32f4xx_hal_i2c.o
                0x0000000008006412                HAL_I2C_AbortCpltCallback
 .text.I2C_MasterTransmit_TXE
                0x0000000008006426      0x138 Drivers/STM32F4xx_HAL_Driver/Src/stm32f4xx_hal_i2c.o
 .text.I2C_MasterTransmit_BTF
                0x000000000800655e      0x100 Drivers/STM32F4xx_HAL_Driver/Src/stm32f4xx_hal_i2c.o
 .text.I2C_MemoryTransmit_TXE_BTF
                0x000000000800665e       0xce Drivers/STM32F4xx_HAL_Driver/Src/stm32f4xx_hal_i2c.o
 .text.I2C_MasterReceive_RXNE
                0x000000000800672c      0x104 Drivers/STM32F4xx_HAL_Driver/Src/stm32f4xx_hal_i2c.o
 .text.I2C_MasterReceive_BTF
                0x0000000008006830      0x1d4 Drivers/STM32F4xx_HAL_Driver/Src/stm32f4xx_hal_i2c.o
 .text.I2C_Master_SB
                0x0000000008006a04      0x10c Drivers/STM32F4xx_HAL_Driver/Src/stm32f4xx_hal_i2c.o
 .text.I2C_Master_ADD10
                0x0000000008006b10       0x54 Drivers/STM32F4xx_HAL_Driver/Src/stm32f4xx_hal_i2c.o
 .text.I2C_Master_ADDR
                0x0000000008006b64      0x322 Drivers/STM32F4xx_HAL_Driver/Src/stm32f4xx_hal_i2c.o
 .text.I2C_SlaveTransmit_TXE
                0x0000000008006e86       0x7a Drivers/STM32F4xx_HAL_Driver/Src/stm32f4xx_hal_i2c.o
 .text.I2C_SlaveTransmit_BTF
                0x0000000008006f00       0x42 Drivers/STM32F4xx_HAL_Driver/Src/stm32f4xx_hal_i2c.o
 .text.I2C_SlaveReceive_RXNE
                0x0000000008006f42       0x7c Drivers/STM32F4xx_HAL_Driver/Src/stm32f4xx_hal_i2c.o
 .text.I2C_SlaveReceive_BTF
                0x0000000008006fbe       0x44 Drivers/STM32F4xx_HAL_Driver/Src/stm32f4xx_hal_i2c.o
 .text.I2C_Slave_ADDR
                0x0000000008007002       0x88 Drivers/STM32F4xx_HAL_Driver/Src/stm32f4xx_hal_i2c.o
 *fill*         0x000000000800708a        0x2 
 .text.I2C_Slave_STOPF
                0x000000000800708c      0x260 Drivers/STM32F4xx_HAL_Driver/Src/stm32f4xx_hal_i2c.o
 .text.I2C_Slave_AF
                0x00000000080072ec       0xe0 Drivers/STM32F4xx_HAL_Driver/Src/stm32f4xx_hal_i2c.o
 .text.I2C_ITError
                0x00000000080073cc      0x25c Drivers/STM32F4xx_HAL_Driver/Src/stm32f4xx_hal_i2c.o
 .text.I2C_MasterRequestWrite
                0x0000000008007628      0x104 Drivers/STM32F4xx_HAL_Driver/Src/stm32f4xx_hal_i2c.o
 .text.I2C_RequestMemoryWrite
                0x000000000800772c      0x128 Drivers/STM32F4xx_HAL_Driver/Src/stm32f4xx_hal_i2c.o
 .text.I2C_RequestMemoryRead
                0x0000000008007854      0x1cc Drivers/STM32F4xx_HAL_Driver/Src/stm32f4xx_hal_i2c.o
 .text.I2C_DMAAbort
                0x0000000008007a20       0xfe Drivers/STM32F4xx_HAL_Driver/Src/stm32f4xx_hal_i2c.o
 .text.I2C_WaitOnFlagUntilTimeout
                0x0000000008007b1e       0xae Drivers/STM32F4xx_HAL_Driver/Src/stm32f4xx_hal_i2c.o
 .text.I2C_WaitOnMasterAddressFlagUntilTimeout
                0x0000000008007bcc       0xfe Drivers/STM32F4xx_HAL_Driver/Src/stm32f4xx_hal_i2c.o
 .text.I2C_WaitOnTXEFlagUntilTimeout
                0x0000000008007cca       0x82 Drivers/STM32F4xx_HAL_Driver/Src/stm32f4xx_hal_i2c.o
 .text.I2C_WaitOnBTFFlagUntilTimeout
                0x0000000008007d4c       0x82 Drivers/STM32F4xx_HAL_Driver/Src/stm32f4xx_hal_i2c.o
 .text.I2C_WaitOnRXNEFlagUntilTimeout
                0x0000000008007dce       0xac Drivers/STM32F4xx_HAL_Driver/Src/stm32f4xx_hal_i2c.o
 .text.I2C_IsAcknowledgeFailed
                0x0000000008007e7a       0x5e Drivers/STM32F4xx_HAL_Driver/Src/stm32f4xx_hal_i2c.o
 .text.I2C_ConvertOtherXferOptions
                0x0000000008007ed8       0x36 Drivers/STM32F4xx_HAL_Driver/Src/stm32f4xx_hal_i2c.o
 *fill*         0x0000000008007f0e        0x2 
 .text.HAL_RCC_OscConfig
                0x0000000008007f10      0x4e0 Drivers/STM32F4xx_HAL_Driver/Src/stm32f4xx_hal_rcc.o
                0x0000000008007f10                HAL_RCC_OscConfig
 .text.HAL_RCC_ClockConfig
                0x00000000080083f0      0x1cc Drivers/STM32F4xx_HAL_Driver/Src/stm32f4xx_hal_rcc.o
                0x00000000080083f0                HAL_RCC_ClockConfig
 .text.HAL_RCC_GetSysClockFreq
                0x00000000080085bc      0x164 Drivers/STM32F4xx_HAL_Driver/Src/stm32f4xx_hal_rcc.o
                0x00000000080085bc                HAL_RCC_GetSysClockFreq
 .text.HAL_RCC_GetHCLKFreq
                0x0000000008008720       0x18 Drivers/STM32F4xx_HAL_Driver/Src/stm32f4xx_hal_rcc.o
                0x0000000008008720                HAL_RCC_GetHCLKFreq
 .text.HAL_RCC_GetPCLK1Freq
                0x0000000008008738       0x28 Drivers/STM32F4xx_HAL_Driver/Src/stm32f4xx_hal_rcc.o
                0x0000000008008738                HAL_RCC_GetPCLK1Freq
 .text.HAL_RCC_GetPCLK2Freq
                0x0000000008008760       0x28 Drivers/STM32F4xx_HAL_Driver/Src/stm32f4xx_hal_rcc.o
                0x0000000008008760                HAL_RCC_GetPCLK2Freq
 .text.HAL_TIM_Base_Init
                0x0000000008008788       0x56 Drivers/STM32F4xx_HAL_Driver/Src/stm32f4xx_hal_tim.o
                0x0000000008008788                HAL_TIM_Base_Init
 .text.HAL_TIM_Base_Start_IT
                0x00000000080087de       0x48 Drivers/STM32F4xx_HAL_Driver/Src/stm32f4xx_hal_tim.o
                0x00000000080087de                HAL_TIM_Base_Start_IT
 .text.HAL_TIM_Base_Stop_IT
                0x0000000008008826       0x56 Drivers/STM32F4xx_HAL_Driver/Src/stm32f4xx_hal_tim.o
                0x0000000008008826                HAL_TIM_Base_Stop_IT
 .text.HAL_TIM_PWM_Init
                0x000000000800887c       0x56 Drivers/STM32F4xx_HAL_Driver/Src/stm32f4xx_hal_tim.o
                0x000000000800887c                HAL_TIM_PWM_Init
 .text.HAL_TIM_PWM_MspInit
                0x00000000080088d2       0x14 Drivers/STM32F4xx_HAL_Driver/Src/stm32f4xx_hal_tim.o
                0x00000000080088d2                HAL_TIM_PWM_MspInit
 *fill*         0x00000000080088e6        0x2 
 .text.HAL_TIM_PWM_Start
                0x00000000080088e8       0x64 Drivers/STM32F4xx_HAL_Driver/Src/stm32f4xx_hal_tim.o
                0x00000000080088e8                HAL_TIM_PWM_Start
 .text.HAL_TIM_PWM_Stop
                0x000000000800894c       0x98 Drivers/STM32F4xx_HAL_Driver/Src/stm32f4xx_hal_tim.o
                0x000000000800894c                HAL_TIM_PWM_Stop
 .text.HAL_TIM_IRQHandler
                0x00000000080089e4      0x210 Drivers/STM32F4xx_HAL_Driver/Src/stm32f4xx_hal_tim.o
                0x00000000080089e4                HAL_TIM_IRQHandler
 .text.HAL_TIM_PWM_ConfigChannel
                0x0000000008008bf4      0x18c Drivers/STM32F4xx_HAL_Driver/Src/stm32f4xx_hal_tim.o
                0x0000000008008bf4                HAL_TIM_PWM_ConfigChannel
 .text.HAL_TIM_ConfigClockSource
                0x0000000008008d80      0x16e Drivers/STM32F4xx_HAL_Driver/Src/stm32f4xx_hal_tim.o
                0x0000000008008d80                HAL_TIM_ConfigClockSource
 .text.HAL_TIM_OC_DelayElapsedCallback
                0x0000000008008eee       0x14 Drivers/STM32F4xx_HAL_Driver/Src/stm32f4xx_hal_tim.o
                0x0000000008008eee                HAL_TIM_OC_DelayElapsedCallback
 .text.HAL_TIM_IC_CaptureCallback
                0x0000000008008f02       0x14 Drivers/STM32F4xx_HAL_Driver/Src/stm32f4xx_hal_tim.o
                0x0000000008008f02                HAL_TIM_IC_CaptureCallback
 .text.HAL_TIM_PWM_PulseFinishedCallback
                0x0000000008008f16       0x14 Drivers/STM32F4xx_HAL_Driver/Src/stm32f4xx_hal_tim.o
                0x0000000008008f16                HAL_TIM_PWM_PulseFinishedCallback
 .text.HAL_TIM_TriggerCallback
                0x0000000008008f2a       0x14 Drivers/STM32F4xx_HAL_Driver/Src/stm32f4xx_hal_tim.o
                0x0000000008008f2a                HAL_TIM_TriggerCallback
 *fill*         0x0000000008008f3e        0x2 
 .text.TIM_Base_SetConfig
                0x0000000008008f40      0x100 Drivers/STM32F4xx_HAL_Driver/Src/stm32f4xx_hal_tim.o
                0x0000000008008f40                TIM_Base_SetConfig
 .text.TIM_OC1_SetConfig
                0x0000000008009040       0xcc Drivers/STM32F4xx_HAL_Driver/Src/stm32f4xx_hal_tim.o
 .text.TIM_OC2_SetConfig
                0x000000000800910c       0xd8 Drivers/STM32F4xx_HAL_Driver/Src/stm32f4xx_hal_tim.o
                0x000000000800910c                TIM_OC2_SetConfig
 .text.TIM_OC3_SetConfig
                0x00000000080091e4       0xd4 Drivers/STM32F4xx_HAL_Driver/Src/stm32f4xx_hal_tim.o
 .text.TIM_OC4_SetConfig
                0x00000000080092b8       0xa0 Drivers/STM32F4xx_HAL_Driver/Src/stm32f4xx_hal_tim.o
 .text.TIM_TI1_ConfigInputStage
                0x0000000008009358       0x5e Drivers/STM32F4xx_HAL_Driver/Src/stm32f4xx_hal_tim.o
 .text.TIM_TI2_ConfigInputStage
                0x00000000080093b6       0x60 Drivers/STM32F4xx_HAL_Driver/Src/stm32f4xx_hal_tim.o
 .text.TIM_ITRx_SetConfig
                0x0000000008009416       0x36 Drivers/STM32F4xx_HAL_Driver/Src/stm32f4xx_hal_tim.o
 .text.TIM_ETR_SetConfig
                0x000000000800944c       0x40 Drivers/STM32F4xx_HAL_Driver/Src/stm32f4xx_hal_tim.o
                0x000000000800944c                TIM_ETR_SetConfig
 .text.TIM_CCxChannelCmd
                0x000000000800948c       0x4a Drivers/STM32F4xx_HAL_Driver/Src/stm32f4xx_hal_tim.o
                0x000000000800948c                TIM_CCxChannelCmd
 *fill*         0x00000000080094d6        0x2 
 .text.HAL_TIMEx_MasterConfigSynchronization
                0x00000000080094d8       0xdc Drivers/STM32F4xx_HAL_Driver/Src/stm32f4xx_hal_tim_ex.o
                0x00000000080094d8                HAL_TIMEx_MasterConfigSynchronization
 .text.HAL_TIMEx_CommutCallback
                0x00000000080095b4       0x14 Drivers/STM32F4xx_HAL_Driver/Src/stm32f4xx_hal_tim_ex.o
                0x00000000080095b4                HAL_TIMEx_CommutCallback
 .text.HAL_TIMEx_BreakCallback
                0x00000000080095c8       0x14 Drivers/STM32F4xx_HAL_Driver/Src/stm32f4xx_hal_tim_ex.o
                0x00000000080095c8                HAL_TIMEx_BreakCallback
 .text.HAL_UART_Init
                0x00000000080095dc       0x9a Drivers/STM32F4xx_HAL_Driver/Src/stm32f4xx_hal_uart.o
                0x00000000080095dc                HAL_UART_Init
 *fill*         0x0000000008009676        0x2 
 .text.HAL_UART_Transmit_DMA
                0x0000000008009678       0xd8 Drivers/STM32F4xx_HAL_Driver/Src/stm32f4xx_hal_uart.o
                0x0000000008009678                HAL_UART_Transmit_DMA
 .text.HAL_UART_Receive_DMA
                0x0000000008009750      0x100 Drivers/STM32F4xx_HAL_Driver/Src/stm32f4xx_hal_uart.o
                0x0000000008009750                HAL_UART_Receive_DMA
 .text.HAL_UART_IRQHandler
                0x0000000008009850      0x200 Drivers/STM32F4xx_HAL_Driver/Src/stm32f4xx_hal_uart.o
                0x0000000008009850                HAL_UART_IRQHandler
 .text.HAL_UART_TxHalfCpltCallback
                0x0000000008009a50       0x14 Drivers/STM32F4xx_HAL_Driver/Src/stm32f4xx_hal_uart.o
                0x0000000008009a50                HAL_UART_TxHalfCpltCallback
 .text.HAL_UART_RxHalfCpltCallback
                0x0000000008009a64       0x14 Drivers/STM32F4xx_HAL_Driver/Src/stm32f4xx_hal_uart.o
                0x0000000008009a64                HAL_UART_RxHalfCpltCallback
 .text.HAL_UART_ErrorCallback
                0x0000000008009a78       0x14 Drivers/STM32F4xx_HAL_Driver/Src/stm32f4xx_hal_uart.o
                0x0000000008009a78                HAL_UART_ErrorCallback
 .text.UART_DMATransmitCplt
                0x0000000008009a8c       0x52 Drivers/STM32F4xx_HAL_Driver/Src/stm32f4xx_hal_uart.o
 .text.UART_DMATxHalfCplt
                0x0000000008009ade       0x1c Drivers/STM32F4xx_HAL_Driver/Src/stm32f4xx_hal_uart.o
 .text.UART_DMAReceiveCplt
                0x0000000008009afa       0x68 Drivers/STM32F4xx_HAL_Driver/Src/stm32f4xx_hal_uart.o
 .text.UART_DMARxHalfCplt
                0x0000000008009b62       0x1c Drivers/STM32F4xx_HAL_Driver/Src/stm32f4xx_hal_uart.o
 .text.UART_DMAError
                0x0000000008009b7e       0x94 Drivers/STM32F4xx_HAL_Driver/Src/stm32f4xx_hal_uart.o
 .text.UART_EndTxTransfer
                0x0000000008009c12       0x2c Drivers/STM32F4xx_HAL_Driver/Src/stm32f4xx_hal_uart.o
 .text.UART_EndRxTransfer
                0x0000000008009c3e       0x3c Drivers/STM32F4xx_HAL_Driver/Src/stm32f4xx_hal_uart.o
 .text.UART_DMAAbortOnError
                0x0000000008009c7a       0x28 Drivers/STM32F4xx_HAL_Driver/Src/stm32f4xx_hal_uart.o
 .text.UART_Transmit_IT
                0x0000000008009ca2       0xac Drivers/STM32F4xx_HAL_Driver/Src/stm32f4xx_hal_uart.o
 .text.UART_EndTransmit_IT
                0x0000000008009d4e       0x30 Drivers/STM32F4xx_HAL_Driver/Src/stm32f4xx_hal_uart.o
 .text.UART_Receive_IT
                0x0000000008009d7e      0x102 Drivers/STM32F4xx_HAL_Driver/Src/stm32f4xx_hal_uart.o
 .text.UART_SetConfig
                0x0000000008009e80      0x6f8 Drivers/STM32F4xx_HAL_Driver/Src/stm32f4xx_hal_uart.o
 .text.atoi     0x000000000800a578        0x8 d:/programmi/stm32cubeide_1.3.0/stm32cubeide/plugins/com.st.stm32cube.ide.mcu.externaltools.gnu-tools-for-stm32.7-2018-q2-update.win32_1.0.0.201904181610/tools/bin/../lib/gcc/arm-none-eabi/7.3.1/../../../../arm-none-eabi/lib/thumb/v7e-m/fpv4-sp/hard\libc_nano.a(lib_a-atoi.o)
                0x000000000800a578                atoi
 .text.__errno  0x000000000800a580        0xc d:/programmi/stm32cubeide_1.3.0/stm32cubeide/plugins/com.st.stm32cube.ide.mcu.externaltools.gnu-tools-for-stm32.7-2018-q2-update.win32_1.0.0.201904181610/tools/bin/../lib/gcc/arm-none-eabi/7.3.1/../../../../arm-none-eabi/lib/thumb/v7e-m/fpv4-sp/hard\libc_nano.a(lib_a-errno.o)
                0x000000000800a580                __errno
 .text.__libc_init_array
                0x000000000800a58c       0x48 d:/programmi/stm32cubeide_1.3.0/stm32cubeide/plugins/com.st.stm32cube.ide.mcu.externaltools.gnu-tools-for-stm32.7-2018-q2-update.win32_1.0.0.201904181610/tools/bin/../lib/gcc/arm-none-eabi/7.3.1/../../../../arm-none-eabi/lib/thumb/v7e-m/fpv4-sp/hard\libc_nano.a(lib_a-init.o)
                0x000000000800a58c                __libc_init_array
 .text.__itoa   0x000000000800a5d4       0x30 d:/programmi/stm32cubeide_1.3.0/stm32cubeide/plugins/com.st.stm32cube.ide.mcu.externaltools.gnu-tools-for-stm32.7-2018-q2-update.win32_1.0.0.201904181610/tools/bin/../lib/gcc/arm-none-eabi/7.3.1/../../../../arm-none-eabi/lib/thumb/v7e-m/fpv4-sp/hard\libc_nano.a(lib_a-itoa.o)
                0x000000000800a5d4                __itoa
 .text.itoa     0x000000000800a604        0x4 d:/programmi/stm32cubeide_1.3.0/stm32cubeide/plugins/com.st.stm32cube.ide.mcu.externaltools.gnu-tools-for-stm32.7-2018-q2-update.win32_1.0.0.201904181610/tools/bin/../lib/gcc/arm-none-eabi/7.3.1/../../../../arm-none-eabi/lib/thumb/v7e-m/fpv4-sp/hard\libc_nano.a(lib_a-itoa.o)
                0x000000000800a604                itoa
 .text.memset   0x000000000800a608       0x10 d:/programmi/stm32cubeide_1.3.0/stm32cubeide/plugins/com.st.stm32cube.ide.mcu.externaltools.gnu-tools-for-stm32.7-2018-q2-update.win32_1.0.0.201904181610/tools/bin/../lib/gcc/arm-none-eabi/7.3.1/../../../../arm-none-eabi/lib/thumb/v7e-m/fpv4-sp/hard\libc_nano.a(lib_a-memset.o)
                0x000000000800a608                memset
 .text.sprintf  0x000000000800a618       0x40 d:/programmi/stm32cubeide_1.3.0/stm32cubeide/plugins/com.st.stm32cube.ide.mcu.externaltools.gnu-tools-for-stm32.7-2018-q2-update.win32_1.0.0.201904181610/tools/bin/../lib/gcc/arm-none-eabi/7.3.1/../../../../arm-none-eabi/lib/thumb/v7e-m/fpv4-sp/hard\libc_nano.a(lib_a-sprintf.o)
                0x000000000800a618                siprintf
                0x000000000800a618                sprintf
 .text.strcat   0x000000000800a658       0x1e d:/programmi/stm32cubeide_1.3.0/stm32cubeide/plugins/com.st.stm32cube.ide.mcu.externaltools.gnu-tools-for-stm32.7-2018-q2-update.win32_1.0.0.201904181610/tools/bin/../lib/gcc/arm-none-eabi/7.3.1/../../../../arm-none-eabi/lib/thumb/v7e-m/fpv4-sp/hard\libc_nano.a(lib_a-strcat.o)
                0x000000000800a658                strcat
 .text.strcpy   0x000000000800a676       0x10 d:/programmi/stm32cubeide_1.3.0/stm32cubeide/plugins/com.st.stm32cube.ide.mcu.externaltools.gnu-tools-for-stm32.7-2018-q2-update.win32_1.0.0.201904181610/tools/bin/../lib/gcc/arm-none-eabi/7.3.1/../../../../arm-none-eabi/lib/thumb/v7e-m/fpv4-sp/hard\libc_nano.a(lib_a-strcpy.o)
                0x000000000800a676                strcpy
 .text._strtol_l.isra.0
                0x000000000800a686       0xf6 d:/programmi/stm32cubeide_1.3.0/stm32cubeide/plugins/com.st.stm32cube.ide.mcu.externaltools.gnu-tools-for-stm32.7-2018-q2-update.win32_1.0.0.201904181610/tools/bin/../lib/gcc/arm-none-eabi/7.3.1/../../../../arm-none-eabi/lib/thumb/v7e-m/fpv4-sp/hard\libc_nano.a(lib_a-strtol.o)
 .text.strtol   0x000000000800a77c       0x2c d:/programmi/stm32cubeide_1.3.0/stm32cubeide/plugins/com.st.stm32cube.ide.mcu.externaltools.gnu-tools-for-stm32.7-2018-q2-update.win32_1.0.0.201904181610/tools/bin/../lib/gcc/arm-none-eabi/7.3.1/../../../../arm-none-eabi/lib/thumb/v7e-m/fpv4-sp/hard\libc_nano.a(lib_a-strtol.o)
                0x000000000800a77c                strtol
 .text.__utoa   0x000000000800a7a8       0x7c d:/programmi/stm32cubeide_1.3.0/stm32cubeide/plugins/com.st.stm32cube.ide.mcu.externaltools.gnu-tools-for-stm32.7-2018-q2-update.win32_1.0.0.201904181610/tools/bin/../lib/gcc/arm-none-eabi/7.3.1/../../../../arm-none-eabi/lib/thumb/v7e-m/fpv4-sp/hard\libc_nano.a(lib_a-utoa.o)
                0x000000000800a7a8                __utoa
 .text.__locale_ctype_ptr_l
                0x000000000800a824        0x6 d:/programmi/stm32cubeide_1.3.0/stm32cubeide/plugins/com.st.stm32cube.ide.mcu.externaltools.gnu-tools-for-stm32.7-2018-q2-update.win32_1.0.0.201904181610/tools/bin/../lib/gcc/arm-none-eabi/7.3.1/../../../../arm-none-eabi/lib/thumb/v7e-m/fpv4-sp/hard\libc_nano.a(lib_a-locale.o)
                0x000000000800a824                __locale_ctype_ptr_l
 .text.__ascii_mbtowc
                0x000000000800a82a       0x24 d:/programmi/stm32cubeide_1.3.0/stm32cubeide/plugins/com.st.stm32cube.ide.mcu.externaltools.gnu-tools-for-stm32.7-2018-q2-update.win32_1.0.0.201904181610/tools/bin/../lib/gcc/arm-none-eabi/7.3.1/../../../../arm-none-eabi/lib/thumb/v7e-m/fpv4-sp/hard\libc_nano.a(lib_a-mbtowc_r.o)
                0x000000000800a82a                __ascii_mbtowc
 .text.__ssputs_r
                0x000000000800a84e       0xb4 d:/programmi/stm32cubeide_1.3.0/stm32cubeide/plugins/com.st.stm32cube.ide.mcu.externaltools.gnu-tools-for-stm32.7-2018-q2-update.win32_1.0.0.201904181610/tools/bin/../lib/gcc/arm-none-eabi/7.3.1/../../../../arm-none-eabi/lib/thumb/v7e-m/fpv4-sp/hard\libc_nano.a(lib_a-nano-svfprintf.o)
                0x000000000800a84e                __ssputs_r
 *fill*         0x000000000800a902        0x2 
 .text._svfprintf_r
                0x000000000800a904      0x1f0 d:/programmi/stm32cubeide_1.3.0/stm32cubeide/plugins/com.st.stm32cube.ide.mcu.externaltools.gnu-tools-for-stm32.7-2018-q2-update.win32_1.0.0.201904181610/tools/bin/../lib/gcc/arm-none-eabi/7.3.1/../../../../arm-none-eabi/lib/thumb/v7e-m/fpv4-sp/hard\libc_nano.a(lib_a-nano-svfprintf.o)
                0x000000000800a904                _svfiprintf_r
                0x000000000800a904                _svfprintf_r
 .text._printf_common
                0x000000000800aaf4       0xea d:/programmi/stm32cubeide_1.3.0/stm32cubeide/plugins/com.st.stm32cube.ide.mcu.externaltools.gnu-tools-for-stm32.7-2018-q2-update.win32_1.0.0.201904181610/tools/bin/../lib/gcc/arm-none-eabi/7.3.1/../../../../arm-none-eabi/lib/thumb/v7e-m/fpv4-sp/hard\libc_nano.a(lib_a-nano-vfprintf_i.o)
                0x000000000800aaf4                _printf_common
 *fill*         0x000000000800abde        0x2 
 .text._printf_i
                0x000000000800abe0      0x224 d:/programmi/stm32cubeide_1.3.0/stm32cubeide/plugins/com.st.stm32cube.ide.mcu.externaltools.gnu-tools-for-stm32.7-2018-q2-update.win32_1.0.0.201904181610/tools/bin/../lib/gcc/arm-none-eabi/7.3.1/../../../../arm-none-eabi/lib/thumb/v7e-m/fpv4-sp/hard\libc_nano.a(lib_a-nano-vfprintf_i.o)
                0x000000000800abe0                _printf_i
 .text.__ascii_wctomb
                0x000000000800ae04       0x1a d:/programmi/stm32cubeide_1.3.0/stm32cubeide/plugins/com.st.stm32cube.ide.mcu.externaltools.gnu-tools-for-stm32.7-2018-q2-update.win32_1.0.0.201904181610/tools/bin/../lib/gcc/arm-none-eabi/7.3.1/../../../../arm-none-eabi/lib/thumb/v7e-m/fpv4-sp/hard\libc_nano.a(lib_a-wctomb_r.o)
                0x000000000800ae04                __ascii_wctomb
 .text.memcpy   0x000000000800ae1e       0x16 d:/programmi/stm32cubeide_1.3.0/stm32cubeide/plugins/com.st.stm32cube.ide.mcu.externaltools.gnu-tools-for-stm32.7-2018-q2-update.win32_1.0.0.201904181610/tools/bin/../lib/gcc/arm-none-eabi/7.3.1/../../../../arm-none-eabi/lib/thumb/v7e-m/fpv4-sp/hard\libc_nano.a(lib_a-memcpy-stub.o)
                0x000000000800ae1e                memcpy
 .text.memmove  0x000000000800ae34       0x32 d:/programmi/stm32cubeide_1.3.0/stm32cubeide/plugins/com.st.stm32cube.ide.mcu.externaltools.gnu-tools-for-stm32.7-2018-q2-update.win32_1.0.0.201904181610/tools/bin/../lib/gcc/arm-none-eabi/7.3.1/../../../../arm-none-eabi/lib/thumb/v7e-m/fpv4-sp/hard\libc_nano.a(lib_a-memmove.o)
                0x000000000800ae34                memmove
 *fill*         0x000000000800ae66        0x2 
 .text._free_r  0x000000000800ae68       0x9c d:/programmi/stm32cubeide_1.3.0/stm32cubeide/plugins/com.st.stm32cube.ide.mcu.externaltools.gnu-tools-for-stm32.7-2018-q2-update.win32_1.0.0.201904181610/tools/bin/../lib/gcc/arm-none-eabi/7.3.1/../../../../arm-none-eabi/lib/thumb/v7e-m/fpv4-sp/hard\libc_nano.a(lib_a-nano-freer.o)
                0x000000000800ae68                _free_r
 .text._malloc_r
                0x000000000800af04       0xb4 d:/programmi/stm32cubeide_1.3.0/stm32cubeide/plugins/com.st.stm32cube.ide.mcu.externaltools.gnu-tools-for-stm32.7-2018-q2-update.win32_1.0.0.201904181610/tools/bin/../lib/gcc/arm-none-eabi/7.3.1/../../../../arm-none-eabi/lib/thumb/v7e-m/fpv4-sp/hard\libc_nano.a(lib_a-nano-mallocr.o)
                0x000000000800af04                _malloc_r
 .text._realloc_r
                0x000000000800afb8       0x4c d:/programmi/stm32cubeide_1.3.0/stm32cubeide/plugins/com.st.stm32cube.ide.mcu.externaltools.gnu-tools-for-stm32.7-2018-q2-update.win32_1.0.0.201904181610/tools/bin/../lib/gcc/arm-none-eabi/7.3.1/../../../../arm-none-eabi/lib/thumb/v7e-m/fpv4-sp/hard\libc_nano.a(lib_a-nano-reallocr.o)
                0x000000000800afb8                _realloc_r
 .text._sbrk_r  0x000000000800b004       0x20 d:/programmi/stm32cubeide_1.3.0/stm32cubeide/plugins/com.st.stm32cube.ide.mcu.externaltools.gnu-tools-for-stm32.7-2018-q2-update.win32_1.0.0.201904181610/tools/bin/../lib/gcc/arm-none-eabi/7.3.1/../../../../arm-none-eabi/lib/thumb/v7e-m/fpv4-sp/hard\libc_nano.a(lib_a-sbrkr.o)
                0x000000000800b004                _sbrk_r
 .text.__malloc_lock
                0x000000000800b024        0x2 d:/programmi/stm32cubeide_1.3.0/stm32cubeide/plugins/com.st.stm32cube.ide.mcu.externaltools.gnu-tools-for-stm32.7-2018-q2-update.win32_1.0.0.201904181610/tools/bin/../lib/gcc/arm-none-eabi/7.3.1/../../../../arm-none-eabi/lib/thumb/v7e-m/fpv4-sp/hard\libc_nano.a(lib_a-mlock.o)
                0x000000000800b024                __malloc_lock
 .text.__malloc_unlock
                0x000000000800b026        0x2 d:/programmi/stm32cubeide_1.3.0/stm32cubeide/plugins/com.st.stm32cube.ide.mcu.externaltools.gnu-tools-for-stm32.7-2018-q2-update.win32_1.0.0.201904181610/tools/bin/../lib/gcc/arm-none-eabi/7.3.1/../../../../arm-none-eabi/lib/thumb/v7e-m/fpv4-sp/hard\libc_nano.a(lib_a-mlock.o)
                0x000000000800b026                __malloc_unlock
 .text._malloc_usable_size_r
                0x000000000800b028       0x10 d:/programmi/stm32cubeide_1.3.0/stm32cubeide/plugins/com.st.stm32cube.ide.mcu.externaltools.gnu-tools-for-stm32.7-2018-q2-update.win32_1.0.0.201904181610/tools/bin/../lib/gcc/arm-none-eabi/7.3.1/../../../../arm-none-eabi/lib/thumb/v7e-m/fpv4-sp/hard\libc_nano.a(lib_a-nano-msizer.o)
                0x000000000800b028                _malloc_usable_size_r
 .text.log      0x000000000800b038      0x100 d:/programmi/stm32cubeide_1.3.0/stm32cubeide/plugins/com.st.stm32cube.ide.mcu.externaltools.gnu-tools-for-stm32.7-2018-q2-update.win32_1.0.0.201904181610/tools/bin/../lib/gcc/arm-none-eabi/7.3.1/../../../../arm-none-eabi/lib/thumb/v7e-m/fpv4-sp/hard\libm.a(lib_a-w_log.o)
                0x000000000800b038                log
 .text.__ieee754_log
                0x000000000800b138      0x364 d:/programmi/stm32cubeide_1.3.0/stm32cubeide/plugins/com.st.stm32cube.ide.mcu.externaltools.gnu-tools-for-stm32.7-2018-q2-update.win32_1.0.0.201904181610/tools/bin/../lib/gcc/arm-none-eabi/7.3.1/../../../../arm-none-eabi/lib/thumb/v7e-m/fpv4-sp/hard\libm.a(lib_a-e_log.o)
                0x000000000800b138                __ieee754_log
 .text.matherr  0x000000000800b49c        0x4 d:/programmi/stm32cubeide_1.3.0/stm32cubeide/plugins/com.st.stm32cube.ide.mcu.externaltools.gnu-tools-for-stm32.7-2018-q2-update.win32_1.0.0.201904181610/tools/bin/../lib/gcc/arm-none-eabi/7.3.1/../../../../arm-none-eabi/lib/thumb/v7e-m/fpv4-sp/hard\libm.a(lib_a-s_matherr.o)
                0x000000000800b49c                matherr
 .text.nan      0x000000000800b4a0       0x10 d:/programmi/stm32cubeide_1.3.0/stm32cubeide/plugins/com.st.stm32cube.ide.mcu.externaltools.gnu-tools-for-stm32.7-2018-q2-update.win32_1.0.0.201904181610/tools/bin/../lib/gcc/arm-none-eabi/7.3.1/../../../../arm-none-eabi/lib/thumb/v7e-m/fpv4-sp/hard\libm.a(lib_a-s_nan.o)
                0x000000000800b4a0                nan
 *(.glue_7)
 .glue_7        0x000000000800b4b0        0x0 linker stubs
 *(.glue_7t)
 .glue_7t       0x000000000800b4b0        0x0 linker stubs
 *(.eh_frame)
 .eh_frame      0x000000000800b4b0        0x0 d:/programmi/stm32cubeide_1.3.0/stm32cubeide/plugins/com.st.stm32cube.ide.mcu.externaltools.gnu-tools-for-stm32.7-2018-q2-update.win32_1.0.0.201904181610/tools/bin/../lib/gcc/arm-none-eabi/7.3.1/thumb/v7e-m/fpv4-sp/hard/crtbegin.o
 *(.init)
 .init          0x000000000800b4b0        0x4 d:/programmi/stm32cubeide_1.3.0/stm32cubeide/plugins/com.st.stm32cube.ide.mcu.externaltools.gnu-tools-for-stm32.7-2018-q2-update.win32_1.0.0.201904181610/tools/bin/../lib/gcc/arm-none-eabi/7.3.1/thumb/v7e-m/fpv4-sp/hard/crti.o
                0x000000000800b4b0                _init
 .init          0x000000000800b4b4        0x8 d:/programmi/stm32cubeide_1.3.0/stm32cubeide/plugins/com.st.stm32cube.ide.mcu.externaltools.gnu-tools-for-stm32.7-2018-q2-update.win32_1.0.0.201904181610/tools/bin/../lib/gcc/arm-none-eabi/7.3.1/thumb/v7e-m/fpv4-sp/hard/crtn.o
 *(.fini)
 .fini          0x000000000800b4bc        0x4 d:/programmi/stm32cubeide_1.3.0/stm32cubeide/plugins/com.st.stm32cube.ide.mcu.externaltools.gnu-tools-for-stm32.7-2018-q2-update.win32_1.0.0.201904181610/tools/bin/../lib/gcc/arm-none-eabi/7.3.1/thumb/v7e-m/fpv4-sp/hard/crti.o
                0x000000000800b4bc                _fini
 .fini          0x000000000800b4c0        0x8 d:/programmi/stm32cubeide_1.3.0/stm32cubeide/plugins/com.st.stm32cube.ide.mcu.externaltools.gnu-tools-for-stm32.7-2018-q2-update.win32_1.0.0.201904181610/tools/bin/../lib/gcc/arm-none-eabi/7.3.1/thumb/v7e-m/fpv4-sp/hard/crtn.o
                0x000000000800b4c8                . = ALIGN (0x4)
                0x000000000800b4c8                _etext = .

.vfp11_veneer   0x000000000800b4c8        0x0
 .vfp11_veneer  0x000000000800b4c8        0x0 linker stubs

.v4_bx          0x000000000800b4c8        0x0
 .v4_bx         0x000000000800b4c8        0x0 linker stubs

.iplt           0x000000000800b4c8        0x0
 .iplt          0x000000000800b4c8        0x0 d:/programmi/stm32cubeide_1.3.0/stm32cubeide/plugins/com.st.stm32cube.ide.mcu.externaltools.gnu-tools-for-stm32.7-2018-q2-update.win32_1.0.0.201904181610/tools/bin/../lib/gcc/arm-none-eabi/7.3.1/thumb/v7e-m/fpv4-sp/hard/crtbegin.o

.rodata         0x000000000800b4c8      0x2e8
                0x000000000800b4c8                . = ALIGN (0x4)
 *(.rodata)
 .rodata        0x000000000800b4c8       0x18 Core/Src/configuration.o
 .rodata        0x000000000800b4e0       0x16 Core/Src/lcd.o
 *fill*         0x000000000800b4f6        0x2 
 .rodata        0x000000000800b4f8      0x11b Core/Src/log.o
 *fill*         0x000000000800b613        0x1 
 .rodata        0x000000000800b614       0x14 Core/Src/mqtt_log.o
 *(.rodata*)
 .rodata.AHBPrescTable
                0x000000000800b628       0x10 Core/Src/system_stm32f4xx.o
                0x000000000800b628                AHBPrescTable
 .rodata.APBPrescTable
                0x000000000800b638        0x8 Core/Src/system_stm32f4xx.o
                0x000000000800b638                APBPrescTable
 .rodata.flagBitshiftOffset.8199
                0x000000000800b640        0x8 Drivers/STM32F4xx_HAL_Driver/Src/stm32f4xx_hal_dma.o
 .rodata.__utoa.str1.1
                0x000000000800b648       0x25 d:/programmi/stm32cubeide_1.3.0/stm32cubeide/plugins/com.st.stm32cube.ide.mcu.externaltools.gnu-tools-for-stm32.7-2018-q2-update.win32_1.0.0.201904181610/tools/bin/../lib/gcc/arm-none-eabi/7.3.1/../../../../arm-none-eabi/lib/thumb/v7e-m/fpv4-sp/hard\libc_nano.a(lib_a-utoa.o)
 .rodata._setlocale_r.str1.1
                0x000000000800b66d        0x8 d:/programmi/stm32cubeide_1.3.0/stm32cubeide/plugins/com.st.stm32cube.ide.mcu.externaltools.gnu-tools-for-stm32.7-2018-q2-update.win32_1.0.0.201904181610/tools/bin/../lib/gcc/arm-none-eabi/7.3.1/../../../../arm-none-eabi/lib/thumb/v7e-m/fpv4-sp/hard\libc_nano.a(lib_a-locale.o)
                                          0x9 (size before relaxing)
 .rodata.str1.1
                0x000000000800b675        0x2 d:/programmi/stm32cubeide_1.3.0/stm32cubeide/plugins/com.st.stm32cube.ide.mcu.externaltools.gnu-tools-for-stm32.7-2018-q2-update.win32_1.0.0.201904181610/tools/bin/../lib/gcc/arm-none-eabi/7.3.1/../../../../arm-none-eabi/lib/thumb/v7e-m/fpv4-sp/hard\libc_nano.a(lib_a-locale.o)
 .rodata._svfprintf_r.str1.1
                0x000000000800b677       0x11 d:/programmi/stm32cubeide_1.3.0/stm32cubeide/plugins/com.st.stm32cube.ide.mcu.externaltools.gnu-tools-for-stm32.7-2018-q2-update.win32_1.0.0.201904181610/tools/bin/../lib/gcc/arm-none-eabi/7.3.1/../../../../arm-none-eabi/lib/thumb/v7e-m/fpv4-sp/hard\libc_nano.a(lib_a-nano-svfprintf.o)
 .rodata._printf_i.str1.1
                0x000000000800b688       0x22 d:/programmi/stm32cubeide_1.3.0/stm32cubeide/plugins/com.st.stm32cube.ide.mcu.externaltools.gnu-tools-for-stm32.7-2018-q2-update.win32_1.0.0.201904181610/tools/bin/../lib/gcc/arm-none-eabi/7.3.1/../../../../arm-none-eabi/lib/thumb/v7e-m/fpv4-sp/hard\libc_nano.a(lib_a-nano-vfprintf_i.o)
 .rodata._ctype_
                0x000000000800b6aa      0x101 d:/programmi/stm32cubeide_1.3.0/stm32cubeide/plugins/com.st.stm32cube.ide.mcu.externaltools.gnu-tools-for-stm32.7-2018-q2-update.win32_1.0.0.201904181610/tools/bin/../lib/gcc/arm-none-eabi/7.3.1/../../../../arm-none-eabi/lib/thumb/v7e-m/fpv4-sp/hard\libc_nano.a(lib_a-ctype_.o)
                0x000000000800b6aa                _ctype_
 .rodata.log.str1.1
                0x000000000800b7ab        0x4 d:/programmi/stm32cubeide_1.3.0/stm32cubeide/plugins/com.st.stm32cube.ide.mcu.externaltools.gnu-tools-for-stm32.7-2018-q2-update.win32_1.0.0.201904181610/tools/bin/../lib/gcc/arm-none-eabi/7.3.1/../../../../arm-none-eabi/lib/thumb/v7e-m/fpv4-sp/hard\libm.a(lib_a-w_log.o)
                                          0x5 (size before relaxing)
                0x000000000800b7b0                . = ALIGN (0x4)
 *fill*         0x000000000800b7af        0x1 

.ARM.extab      0x000000000800b7b0        0x0
                0x000000000800b7b0                . = ALIGN (0x4)
 *(.ARM.extab* .gnu.linkonce.armextab.*)
                0x000000000800b7b0                . = ALIGN (0x4)

.ARM            0x000000000800b7b0        0x8
                0x000000000800b7b0                . = ALIGN (0x4)
                0x000000000800b7b0                __exidx_start = .
 *(.ARM.exidx*)
 .ARM.exidx     0x000000000800b7b0        0x8 d:/programmi/stm32cubeide_1.3.0/stm32cubeide/plugins/com.st.stm32cube.ide.mcu.externaltools.gnu-tools-for-stm32.7-2018-q2-update.win32_1.0.0.201904181610/tools/bin/../lib/gcc/arm-none-eabi/7.3.1/thumb/v7e-m/fpv4-sp/hard\libgcc.a(_udivmoddi4.o)
                0x000000000800b7b8                __exidx_end = .
                0x000000000800b7b8                . = ALIGN (0x4)

.rel.dyn        0x000000000800b7b8        0x0
 .rel.iplt      0x000000000800b7b8        0x0 d:/programmi/stm32cubeide_1.3.0/stm32cubeide/plugins/com.st.stm32cube.ide.mcu.externaltools.gnu-tools-for-stm32.7-2018-q2-update.win32_1.0.0.201904181610/tools/bin/../lib/gcc/arm-none-eabi/7.3.1/thumb/v7e-m/fpv4-sp/hard/crtbegin.o

.preinit_array  0x000000000800b7b8        0x0
                0x000000000800b7b8                . = ALIGN (0x4)
                0x000000000800b7b8                PROVIDE (__preinit_array_start = .)
 *(.preinit_array*)
                0x000000000800b7b8                PROVIDE (__preinit_array_end = .)
                0x000000000800b7b8                . = ALIGN (0x4)

.init_array     0x000000000800b7b8        0x4
                0x000000000800b7b8                . = ALIGN (0x4)
                0x000000000800b7b8                PROVIDE (__init_array_start = .)
 *(SORT_BY_NAME(.init_array.*))
 *(.init_array*)
 .init_array    0x000000000800b7b8        0x4 d:/programmi/stm32cubeide_1.3.0/stm32cubeide/plugins/com.st.stm32cube.ide.mcu.externaltools.gnu-tools-for-stm32.7-2018-q2-update.win32_1.0.0.201904181610/tools/bin/../lib/gcc/arm-none-eabi/7.3.1/thumb/v7e-m/fpv4-sp/hard/crtbegin.o
                0x000000000800b7bc                PROVIDE (__init_array_end = .)
                0x000000000800b7bc                . = ALIGN (0x4)

.fini_array     0x000000000800b7bc        0x4
                0x000000000800b7bc                . = ALIGN (0x4)
                [!provide]                        PROVIDE (__fini_array_start = .)
 *(SORT_BY_NAME(.fini_array.*))
 *(.fini_array*)
 .fini_array    0x000000000800b7bc        0x4 d:/programmi/stm32cubeide_1.3.0/stm32cubeide/plugins/com.st.stm32cube.ide.mcu.externaltools.gnu-tools-for-stm32.7-2018-q2-update.win32_1.0.0.201904181610/tools/bin/../lib/gcc/arm-none-eabi/7.3.1/thumb/v7e-m/fpv4-sp/hard/crtbegin.o
                [!provide]                        PROVIDE (__fini_array_end = .)
                0x000000000800b7c0                . = ALIGN (0x4)
                0x000000000800b7c0                _sidata = LOADADDR (.data)

.data           0x0000000020000000      0x294 load address 0x000000000800b7c0
                0x0000000020000000                . = ALIGN (0x4)
                0x0000000020000000                _sdata = .
 *(.data)
 *(.data*)
 .data.spo2_LUT
                0x0000000020000000       0xac Core/Src/MAX30100_spo2_calculator.o
                0x0000000020000000                spo2_LUT
 .data.sep      0x00000000200000ac        0x3 Core/Src/mqtt_log.o
                0x00000000200000ac                sep
 *fill*         0x00000000200000af        0x1 
 .data.end      0x00000000200000b0        0x2 Core/Src/mqtt_log.o
                0x00000000200000b0                end
 *fill*         0x00000000200000b2        0x2 
 .data.SystemCoreClock
                0x00000000200000b4        0x4 Core/Src/system_stm32f4xx.o
                0x00000000200000b4                SystemCoreClock
 .data.uwTickPrio
                0x00000000200000b8        0x4 Drivers/STM32F4xx_HAL_Driver/Src/stm32f4xx_hal.o
                0x00000000200000b8                uwTickPrio
 .data.uwTickFreq
                0x00000000200000bc        0x1 Drivers/STM32F4xx_HAL_Driver/Src/stm32f4xx_hal.o
                0x00000000200000bc                uwTickFreq
 *fill*         0x00000000200000bd        0x3 
 .data._impure_ptr
                0x00000000200000c0        0x4 d:/programmi/stm32cubeide_1.3.0/stm32cubeide/plugins/com.st.stm32cube.ide.mcu.externaltools.gnu-tools-for-stm32.7-2018-q2-update.win32_1.0.0.201904181610/tools/bin/../lib/gcc/arm-none-eabi/7.3.1/../../../../arm-none-eabi/lib/thumb/v7e-m/fpv4-sp/hard\libc_nano.a(lib_a-impure.o)
                0x00000000200000c0                _impure_ptr
 .data.impure_data
                0x00000000200000c4       0x60 d:/programmi/stm32cubeide_1.3.0/stm32cubeide/plugins/com.st.stm32cube.ide.mcu.externaltools.gnu-tools-for-stm32.7-2018-q2-update.win32_1.0.0.201904181610/tools/bin/../lib/gcc/arm-none-eabi/7.3.1/../../../../arm-none-eabi/lib/thumb/v7e-m/fpv4-sp/hard\libc_nano.a(lib_a-impure.o)
 .data.__global_locale
                0x0000000020000124      0x16c d:/programmi/stm32cubeide_1.3.0/stm32cubeide/plugins/com.st.stm32cube.ide.mcu.externaltools.gnu-tools-for-stm32.7-2018-q2-update.win32_1.0.0.201904181610/tools/bin/../lib/gcc/arm-none-eabi/7.3.1/../../../../arm-none-eabi/lib/thumb/v7e-m/fpv4-sp/hard\libc_nano.a(lib_a-locale.o)
                0x0000000020000124                __global_locale
 .data.__fdlib_version
                0x0000000020000290        0x1 d:/programmi/stm32cubeide_1.3.0/stm32cubeide/plugins/com.st.stm32cube.ide.mcu.externaltools.gnu-tools-for-stm32.7-2018-q2-update.win32_1.0.0.201904181610/tools/bin/../lib/gcc/arm-none-eabi/7.3.1/../../../../arm-none-eabi/lib/thumb/v7e-m/fpv4-sp/hard\libm.a(lib_a-s_lib_ver.o)
                0x0000000020000290                __fdlib_version
                0x0000000020000294                . = ALIGN (0x4)
 *fill*         0x0000000020000291        0x3 
                0x0000000020000294                _edata = .

.igot.plt       0x0000000020000294        0x0 load address 0x000000000800ba54
 .igot.plt      0x0000000020000294        0x0 d:/programmi/stm32cubeide_1.3.0/stm32cubeide/plugins/com.st.stm32cube.ide.mcu.externaltools.gnu-tools-for-stm32.7-2018-q2-update.win32_1.0.0.201904181610/tools/bin/../lib/gcc/arm-none-eabi/7.3.1/thumb/v7e-m/fpv4-sp/hard/crtbegin.o
                0x0000000020000294                . = ALIGN (0x4)

.bss            0x0000000020000294      0x7a8 load address 0x000000000800ba54
                0x0000000020000294                _sbss = .
                0x0000000020000294                __bss_start__ = _sbss
 *(.bss)
 .bss           0x0000000020000294       0x1c d:/programmi/stm32cubeide_1.3.0/stm32cubeide/plugins/com.st.stm32cube.ide.mcu.externaltools.gnu-tools-for-stm32.7-2018-q2-update.win32_1.0.0.201904181610/tools/bin/../lib/gcc/arm-none-eabi/7.3.1/thumb/v7e-m/fpv4-sp/hard/crtbegin.o
 *(.bss*)
 .bss.IR        0x00000000200002b0        0x2 Core/Src/MAX30100.o
                0x00000000200002b0                IR
 .bss.RED       0x00000000200002b2        0x2 Core/Src/MAX30100.o
                0x00000000200002b2                RED
 .bss.temp      0x00000000200002b4        0x4 Core/Src/MAX30100.o
                0x00000000200002b4                temp
 .bss.w         0x00000000200002b8        0x4 Core/Src/MAX30100.o
                0x00000000200002b8                w
 .bss.h         0x00000000200002bc        0x4 Core/Src/MAX30100.o
                0x00000000200002bc                h
 .bss._millis   0x00000000200002c0        0x4 Core/Src/stm32f4xx_it.o
 .bss.heap_end.6424
                0x00000000200002c4        0x4 Core/Src/sysmem.o
 .bss.__malloc_free_list
                0x00000000200002c8        0x4 d:/programmi/stm32cubeide_1.3.0/stm32cubeide/plugins/com.st.stm32cube.ide.mcu.externaltools.gnu-tools-for-stm32.7-2018-q2-update.win32_1.0.0.201904181610/tools/bin/../lib/gcc/arm-none-eabi/7.3.1/../../../../arm-none-eabi/lib/thumb/v7e-m/fpv4-sp/hard\libc_nano.a(lib_a-nano-mallocr.o)
                0x00000000200002c8                __malloc_free_list
 .bss.__malloc_sbrk_start
                0x00000000200002cc        0x4 d:/programmi/stm32cubeide_1.3.0/stm32cubeide/plugins/com.st.stm32cube.ide.mcu.externaltools.gnu-tools-for-stm32.7-2018-q2-update.win32_1.0.0.201904181610/tools/bin/../lib/gcc/arm-none-eabi/7.3.1/../../../../arm-none-eabi/lib/thumb/v7e-m/fpv4-sp/hard\libc_nano.a(lib_a-nano-mallocr.o)
                0x00000000200002cc                __malloc_sbrk_start
 *(COMMON)
 COMMON         0x00000000200002d0       0xe4 Core/Src/MAX30100.o
                0x00000000200002d0                beat_detected
                0x00000000200002d4                filtered_pulse_value
                0x00000000200002d8                meanDiffIR
                0x0000000020000398                red_ACvalue
                0x000000002000039c                ir_ACvalue
                0x00000000200003a0                spo2_calculator
 COMMON         0x00000000200003b4       0x14 Core/Src/MAX30100_beat_detector.o
                0x00000000200003b4                threshold
                0x00000000200003b8                ts_last_beat
                0x00000000200003bc                beat_period
                0x00000000200003c0                beat_state
                0x00000000200003c4                last_max_value
 COMMON         0x00000000200003c8        0x8 Core/Src/MAX30100_filters.o
                0x00000000200003c8                v
 COMMON         0x00000000200003d0       0x40 Core/Src/configuration.o
                0x00000000200003d0                buff
 COMMON         0x0000000020000410       0xfc Core/Src/i2c.o
                0x0000000020000410                hi2c3
                0x0000000020000464                hi2c1
                0x00000000200004b8                hi2c2
 COMMON         0x000000002000050c       0xa4 Core/Src/main.o
                0x000000002000050c                conf_status
                0x0000000020000510                conf
                0x0000000020000530                hr_ox
                0x0000000020000538                conf_buffer
                0x0000000020000560                buzzer
                0x0000000020000564                dma_buffer
                0x00000000200005a4                pwm
                0x00000000200005a8                date
 COMMON         0x00000000200005b0       0x84 Core/Src/mqtt_log.o
                0x00000000200005b0                mqtt
                0x0000000020000620                dest
 COMMON         0x0000000020000634      0x200 Core/Src/tim.o
                0x0000000020000634                htim4
                0x0000000020000674                htim10
                0x00000000200006b4                htim5
                0x00000000200006f4                htim3
                0x0000000020000734                htim11
                0x0000000020000774                htim1
                0x00000000200007b4                htim9
                0x00000000200007f4                htim2
 COMMON         0x0000000020000834      0x200 Core/Src/usart.o
                0x0000000020000834                hdma_usart2_rx
                0x0000000020000894                hdma_usart1_tx
                0x00000000200008f4                hdma_usart1_rx
                0x0000000020000954                hdma_usart2_tx
                0x00000000200009b4                huart1
                0x00000000200009f4                huart2
 COMMON         0x0000000020000a34        0x4 Drivers/STM32F4xx_HAL_Driver/Src/stm32f4xx_hal.o
                0x0000000020000a34                uwTick
 COMMON         0x0000000020000a38        0x4 d:/programmi/stm32cubeide_1.3.0/stm32cubeide/plugins/com.st.stm32cube.ide.mcu.externaltools.gnu-tools-for-stm32.7-2018-q2-update.win32_1.0.0.201904181610/tools/bin/../lib/gcc/arm-none-eabi/7.3.1/../../../../arm-none-eabi/lib/thumb/v7e-m/fpv4-sp/hard\libc_nano.a(lib_a-reent.o)
                0x0000000020000a38                errno
                0x0000000020000a3c                . = ALIGN (0x4)
                0x0000000020000a3c                _ebss = .
                0x0000000020000a3c                __bss_end__ = _ebss

._user_heap_stack
                0x0000000020000a3c      0x604 load address 0x000000000800ba54
                0x0000000020000a40                . = ALIGN (0x8)
 *fill*         0x0000000020000a3c        0x4 
                [!provide]                        PROVIDE (end = .)
                [!provide]                        PROVIDE (_end = .)
                0x0000000020000c40                . = (. + _Min_Heap_Size)
 *fill*         0x0000000020000a40      0x200 
                0x0000000020001040                . = (. + _Min_Stack_Size)
 *fill*         0x0000000020000c40      0x400 
                0x0000000020001040                . = ALIGN (0x8)

/DISCARD/
 libc.a(*)
 libm.a(*)
 libgcc.a(*)

.ARM.attributes
                0x0000000000000000       0x30
 *(.ARM.attributes)
 .ARM.attributes
                0x0000000000000000       0x22 d:/programmi/stm32cubeide_1.3.0/stm32cubeide/plugins/com.st.stm32cube.ide.mcu.externaltools.gnu-tools-for-stm32.7-2018-q2-update.win32_1.0.0.201904181610/tools/bin/../lib/gcc/arm-none-eabi/7.3.1/thumb/v7e-m/fpv4-sp/hard/crti.o
 .ARM.attributes
                0x0000000000000022       0x34 d:/programmi/stm32cubeide_1.3.0/stm32cubeide/plugins/com.st.stm32cube.ide.mcu.externaltools.gnu-tools-for-stm32.7-2018-q2-update.win32_1.0.0.201904181610/tools/bin/../lib/gcc/arm-none-eabi/7.3.1/thumb/v7e-m/fpv4-sp/hard/crtbegin.o
 .ARM.attributes
                0x0000000000000056       0x39 Core/Src/MAX30100.o
 .ARM.attributes
                0x000000000000008f       0x39 Core/Src/MAX30100_beat_detector.o
 .ARM.attributes
                0x00000000000000c8       0x39 Core/Src/MAX30100_filters.o
 .ARM.attributes
                0x0000000000000101       0x39 Core/Src/MAX30100_spo2_calculator.o
 .ARM.attributes
                0x000000000000013a       0x39 Core/Src/buzzer.o
 .ARM.attributes
                0x0000000000000173       0x39 Core/Src/configuration.o
 .ARM.attributes
                0x00000000000001ac       0x39 Core/Src/datastructure.o
 .ARM.attributes
                0x00000000000001e5       0x39 Core/Src/dma.o
 .ARM.attributes
                0x000000000000021e       0x39 Core/Src/eeprom_i2c.o
 .ARM.attributes
                0x0000000000000257       0x39 Core/Src/gpio.o
 .ARM.attributes
                0x0000000000000290       0x39 Core/Src/i2c.o
 .ARM.attributes
                0x00000000000002c9       0x39 Core/Src/lcd.o
 .ARM.attributes
                0x0000000000000302       0x39 Core/Src/log.o
 .ARM.attributes
                0x000000000000033b       0x39 Core/Src/main.o
 .ARM.attributes
                0x0000000000000374       0x39 Core/Src/mqtt_log.o
 .ARM.attributes
                0x00000000000003ad       0x39 Core/Src/ring_buffer.o
 .ARM.attributes
                0x00000000000003e6       0x39 Core/Src/stm32f4xx_hal_msp.o
 .ARM.attributes
                0x000000000000041f       0x39 Core/Src/stm32f4xx_it.o
 .ARM.attributes
                0x0000000000000458       0x39 Core/Src/sysmem.o
 .ARM.attributes
                0x0000000000000491       0x39 Core/Src/system_stm32f4xx.o
 .ARM.attributes
                0x00000000000004ca       0x39 Core/Src/tim.o
 .ARM.attributes
                0x0000000000000503       0x39 Core/Src/usart.o
 .ARM.attributes
                0x000000000000053c       0x21 Core/Startup/startup_stm32f401retx.o
 .ARM.attributes
                0x000000000000055d       0x39 Drivers/STM32F4xx_HAL_Driver/Src/stm32f4xx_hal.o
 .ARM.attributes
                0x0000000000000596       0x39 Drivers/STM32F4xx_HAL_Driver/Src/stm32f4xx_hal_cortex.o
 .ARM.attributes
                0x00000000000005cf       0x39 Drivers/STM32F4xx_HAL_Driver/Src/stm32f4xx_hal_dma.o
 .ARM.attributes
                0x0000000000000608       0x39 Drivers/STM32F4xx_HAL_Driver/Src/stm32f4xx_hal_gpio.o
 .ARM.attributes
                0x0000000000000641       0x39 Drivers/STM32F4xx_HAL_Driver/Src/stm32f4xx_hal_i2c.o
 .ARM.attributes
                0x000000000000067a       0x39 Drivers/STM32F4xx_HAL_Driver/Src/stm32f4xx_hal_rcc.o
 .ARM.attributes
                0x00000000000006b3       0x39 Drivers/STM32F4xx_HAL_Driver/Src/stm32f4xx_hal_tim.o
 .ARM.attributes
                0x00000000000006ec       0x39 Drivers/STM32F4xx_HAL_Driver/Src/stm32f4xx_hal_tim_ex.o
 .ARM.attributes
                0x0000000000000725       0x39 Drivers/STM32F4xx_HAL_Driver/Src/stm32f4xx_hal_uart.o
 .ARM.attributes
                0x000000000000075e       0x34 d:/programmi/stm32cubeide_1.3.0/stm32cubeide/plugins/com.st.stm32cube.ide.mcu.externaltools.gnu-tools-for-stm32.7-2018-q2-update.win32_1.0.0.201904181610/tools/bin/../lib/gcc/arm-none-eabi/7.3.1/../../../../arm-none-eabi/lib/thumb/v7e-m/fpv4-sp/hard\libc_nano.a(lib_a-atoi.o)
 .ARM.attributes
                0x0000000000000792       0x34 d:/programmi/stm32cubeide_1.3.0/stm32cubeide/plugins/com.st.stm32cube.ide.mcu.externaltools.gnu-tools-for-stm32.7-2018-q2-update.win32_1.0.0.201904181610/tools/bin/../lib/gcc/arm-none-eabi/7.3.1/../../../../arm-none-eabi/lib/thumb/v7e-m/fpv4-sp/hard\libc_nano.a(lib_a-errno.o)
 .ARM.attributes
                0x00000000000007c6       0x34 d:/programmi/stm32cubeide_1.3.0/stm32cubeide/plugins/com.st.stm32cube.ide.mcu.externaltools.gnu-tools-for-stm32.7-2018-q2-update.win32_1.0.0.201904181610/tools/bin/../lib/gcc/arm-none-eabi/7.3.1/../../../../arm-none-eabi/lib/thumb/v7e-m/fpv4-sp/hard\libc_nano.a(lib_a-impure.o)
 .ARM.attributes
                0x00000000000007fa       0x34 d:/programmi/stm32cubeide_1.3.0/stm32cubeide/plugins/com.st.stm32cube.ide.mcu.externaltools.gnu-tools-for-stm32.7-2018-q2-update.win32_1.0.0.201904181610/tools/bin/../lib/gcc/arm-none-eabi/7.3.1/../../../../arm-none-eabi/lib/thumb/v7e-m/fpv4-sp/hard\libc_nano.a(lib_a-init.o)
 .ARM.attributes
                0x000000000000082e       0x34 d:/programmi/stm32cubeide_1.3.0/stm32cubeide/plugins/com.st.stm32cube.ide.mcu.externaltools.gnu-tools-for-stm32.7-2018-q2-update.win32_1.0.0.201904181610/tools/bin/../lib/gcc/arm-none-eabi/7.3.1/../../../../arm-none-eabi/lib/thumb/v7e-m/fpv4-sp/hard\libc_nano.a(lib_a-itoa.o)
 .ARM.attributes
                0x0000000000000862       0x34 d:/programmi/stm32cubeide_1.3.0/stm32cubeide/plugins/com.st.stm32cube.ide.mcu.externaltools.gnu-tools-for-stm32.7-2018-q2-update.win32_1.0.0.201904181610/tools/bin/../lib/gcc/arm-none-eabi/7.3.1/../../../../arm-none-eabi/lib/thumb/v7e-m/fpv4-sp/hard\libc_nano.a(lib_a-memset.o)
 .ARM.attributes