core_cm4.h:1816:22:__NVIC_SetPriority	16	static
core_cm4.h:2022:26:SysTick_Config	16	static
stm32f4xx_it.c:102:6:NMI_Handler	4	static
stm32f4xx_it.c:115:6:HardFault_Handler	4	static
stm32f4xx_it.c:130:6:MemManage_Handler	4	static
stm32f4xx_it.c:145:6:BusFault_Handler	4	static
stm32f4xx_it.c:160:6:UsageFault_Handler	4	static
stm32f4xx_it.c:175:6:SVC_Handler	4	static
stm32f4xx_it.c:188:6:DebugMon_Handler	4	static
stm32f4xx_it.c:201:6:PendSV_Handler	4	static
stm32f4xx_it.c:214:6:SysTick_Handler	8	static
stm32f4xx_it.c:235:6:DMA1_Stream5_IRQHandler	8	static
stm32f4xx_it.c:249:6:DMA1_Stream6_IRQHandler	8	static
stm32f4xx_it.c:263:6:TIM1_BRK_TIM9_IRQHandler	8	static
stm32f4xx_it.c:278:6:TIM1_UP_TIM10_IRQHandler	8	static
stm32f4xx_it.c:293:6:TIM1_TRG_COM_TIM11_IRQHandler	8	static
stm32f4xx_it.c:308:6:TIM2_IRQHandler	8	static
stm32f4xx_it.c:322:6:TIM3_IRQHandler	8	static
stm32f4xx_it.c:336:6:TIM4_IRQHandler	8	static
stm32f4xx_it.c:350:6:I2C1_EV_IRQHandler	8	static
stm32f4xx_it.c:364:6:I2C1_ER_IRQHandler	8	static
stm32f4xx_it.c:378:6:I2C2_EV_IRQHandler	8	static
stm32f4xx_it.c:392:6:I2C2_ER_IRQHandler	8	static
stm32f4xx_it.c:406:6:USART1_IRQHandler	8	static
stm32f4xx_it.c:420:6:USART2_IRQHandler	8	static
stm32f4xx_it.c:434:6:EXTI15_10_IRQHandler	8	static
stm32f4xx_it.c:448:6:TIM5_IRQHandler	8	static
stm32f4xx_it.c:462:6:DMA2_Stream2_IRQHandler	8	static
stm32f4xx_it.c:476:6:DMA2_Stream7_IRQHandler	8	static
stm32f4xx_it.c:490:6:I2C3_EV_IRQHandler	8	static
stm32f4xx_it.c:504:6:I2C3_ER_IRQHandler	8	static
stm32f4xx_it.c:516:6:HAL_TIM_PeriodElapsedCallback	32	static
stm32f4xx_it.c:660:6:HAL_UART_RxCpltCallback	120	static
stm32f4xx_it.c:725:6:HAL_UART_TxCpltCallback	16	static
stm32f4xx_it.c:734:6:millis_init	8	static
stm32f4xx_it.c:741:10:millis	4	static
stm32f4xx_it.c:744:6:delay	16	static
stm32f4xx_it.c:750:6:HAL_GPIO_EXTI_Callback	16	static
